{
  "DATABASE_URL": {
    "undefined": "REJECT",
    "null": "REJECT",
    "empty": "REJECT",
    "space": "REJECT",
    "'0'": "REJECT",
    "'1'": "REJECT",
    "'-1'": "REJECT",
    "'30'": "REJECT",
    "'1.5'": "REJECT",
    "'1e3'": "REJECT",
    "'5000'": "REJECT",
    "'99999999999999999'": "REJECT",
    "'Infinity'": "REJECT",
    "'abc'": "REJECT",
    "'true'": "REJECT",
    "'false'": "REJECT",
    "url": "REJECT",
    "hosts": "REJECT",
    "json-object": "REJECT",
    "json-array": "REJECT",
    "number 7": "REJECT",
    "boolean true": "REJECT",
    "array": "REJECT",
    "object": "REJECT"
  },
  "VAULT_MASTER_KEY": {
    "undefined": "REJECT",
    "null": "REJECT",
    "empty": "REJECT",
    "space": "REJECT",
    "'0'": "REJECT",
    "'1'": "REJECT",
    "'-1'": "REJECT",
    "'30'": "REJECT",
    "'1.5'": "REJECT",
    "'1e3'": "REJECT",
    "'5000'": "REJECT",
    "'99999999999999999'": "REJECT",
    "'Infinity'": "REJECT",
    "'abc'": "REJECT",
    "'true'": "REJECT",
    "'false'": "REJECT",
    "url": "REJECT",
    "hosts": "REJECT",
    "json-object": "REJECT",
    "json-array": "REJECT",
    "number 7": "REJECT",
    "boolean true": "REJECT",
    "array": "REJECT",
    "object": "REJECT"
  },
  "JWT_SECRET": {
    "undefined": "REJECT",
    "null": "REJECT",
    "empty": "REJECT",
    "space": "REJECT",
    "'0'": "REJECT",
    "'1'": "REJECT",
    "'-1'": "REJECT",
    "'30'": "REJECT",
    "'1.5'": "REJECT",
    "'1e3'": "REJECT",
    "'5000'": "REJECT",
    "'99999999999999999'": "REJECT",
    "'Infinity'": "REJECT",
    "'abc'": "REJECT",
    "'true'": "REJECT",
    "'false'": "REJECT",
    "url": "REJECT",
    "hosts": "REJECT",
    "json-object": "REJECT",
    "json-array": "REJECT",
    "number 7": "REJECT",
    "boolean true": "REJECT",
    "array": "REJECT",
    "object": "REJECT"
  },
  "SESSION_SECRET": {
    "undefined": "REJECT",
    "null": "REJECT",
    "empty": "REJECT",
    "space": "REJECT",
    "'0'": "REJECT",
    "'1'": "REJECT",
    "'-1'": "REJECT",
    "'30'": "REJECT",
    "'1.5'": "REJECT",
    "'1e3'": "REJECT",
    "'5000'": "REJECT",
    "'99999999999999999'": "REJECT",
    "'Infinity'": "REJECT",
    "'abc'": "REJECT",
    "'true'": "REJECT",
    "'false'": "REJECT",
    "url": "REJECT",
    "hosts": "REJECT",
    "json-object": "REJECT",
    "json-array": "REJECT",
    "number 7": "REJECT",
    "boolean true": "REJECT",
    "array": "REJECT",
    "object": "REJECT"
  },
  "PORT": {
    "undefined": "REJECT",
    "null": "REJECT",
    "empty": "REJECT",
    "space": "REJECT",
    "'0'": "REJECT",
    "'1'": "REJECT",
    "'-1'": "REJECT",
    "'30'": "REJECT",
    "'1.5'": "REJECT",
    "'1e3'": "REJECT",
    "'5000'": "REJECT",
    "'99999999999999999'": "REJECT",
    "'Infinity'": "REJECT",
    "'abc'": "REJECT",
    "'true'": "REJECT",
    "'false'": "REJECT",
    "url": "REJECT",
    "hosts": "REJECT",
    "json-object": "REJECT",
    "json-array": "REJECT",
    "number 7": "REJECT",
    "boolean true": "REJECT",
    "array": "REJECT",
    "object": "REJECT"
  },
  "NODE_ENV": {
    "undefined": "REJECT",
    "null": "REJECT",
    "empty": "REJECT",
    "space": "REJECT",
    "'0'": "REJECT",
    "'1'": "REJECT",
    "'-1'": "REJECT",
    "'30'": "REJECT",
    "'1.5'": "REJECT",
    "'1e3'": "REJECT",
    "'5000'": "REJECT",
    "'99999999999999999'": "REJECT",
    "'Infinity'": "REJECT",
    "'abc'": "REJECT",
    "'true'": "REJECT",
    "'false'": "REJECT",
    "url": "REJECT",
    "hosts": "REJECT",
    "json-object": "REJECT",
    "json-array": "REJECT",
    "number 7": "REJECT",
    "boolean true": "REJECT",
    "array": "REJECT",
    "object": "REJECT"
  },
  "LOG_LEVEL": {
    "undefined": "REJECT",
    "null": "REJECT",
    "empty": "REJECT",
    "space": "REJECT",
    "'0'": "REJECT",
    "'1'": "REJECT",
    "'-1'": "REJECT",
    "'30'": "REJECT",
    "'1.5'": "REJECT",
    "'1e3'": "REJECT",
    "'5000'": "REJECT",
    "'99999999999999999'": "REJECT",
    "'Infinity'": "REJECT",
    "'abc'": "REJECT",
    "'true'": "REJECT",
    "'false'": "REJECT",
    "url": "REJECT",
    "hosts": "REJECT",
    "json-object": "REJECT",
    "json-array": "REJECT",
    "number 7": "REJECT",
    "boolean true": "REJECT",
    "array": "REJECT",
    "object": "REJECT"
  },
  "OPENAI_API_KEY": {
    "undefined": "REJECT",
    "null": "REJECT",
    "empty": "REJECT",
    "space": "OK:\" \"",
    "'0'": "OK:\"0\"",
    "'1'": "OK:\"1\"",
    "'-1'": "OK:\"-1\"",
    "'30'": "OK:\"30\"",
    "'1.5'": "OK:\"1.5\"",
    "'1e3'": "OK:\"1e3\"",
    "'5000'": "OK:\"5000\"",
    "'99999999999999999'": "OK:\"99999999999999999\"",
    "'Infinity'": "OK:\"Infinity\"",
    "'abc'": "OK:\"abc\"",
    "'true'": "OK:\"true\"",
    "'false'": "OK:\"false\"",
    "url": "OK:\"https://example.com/path\"",
    "hosts": "OK:\"a.example.com, b.example.com\"",
    "json-object": "OK:\"{\\\"a\\\":1}\"",
    "json-array": "OK:\"[\\\"x\\\"]\"",
    "number 7": "REJECT",
    "boolean true": "REJECT",
    "array": "REJECT",
    "object": "REJECT"
  },
  "AZURE_OPENAI_API_KEY": {
    "undefined": "REJECT",
    "null": "REJECT",
    "empty": "REJECT",
    "space": "OK:\" \"",
    "'0'": "OK:\"0\"",
    "'1'": "OK:\"1\"",
    "'-1'": "OK:\"-1\"",
    "'30'": "OK:\"30\"",
    "'1.5'": "OK:\"1.5\"",
    "'1e3'": "OK:\"1e3\"",
    "'5000'": "OK:\"5000\"",
    "'99999999999999999'": "OK:\"99999999999999999\"",
    "'Infinity'": "OK:\"Infinity\"",
    "'abc'": "OK:\"abc\"",
    "'true'": "OK:\"true\"",
    "'false'": "OK:\"false\"",
    "url": "OK:\"https://example.com/path\"",
    "hosts": "OK:\"a.example.com, b.example.com\"",
    "json-object": "OK:\"{\\\"a\\\":1}\"",
    "json-array": "OK:\"[\\\"x\\\"]\"",
    "number 7": "REJECT",
    "boolean true": "REJECT",
    "array": "REJECT",
    "object": "REJECT"
  },
  "ANTHROPIC_API_KEY": {
    "undefined": "REJECT",
    "null": "REJECT",
    "empty": "REJECT",
    "space": "OK:\" \"",
    "'0'": "OK:\"0\"",
    "'1'": "OK:\"1\"",
    "'-1'": "OK:\"-1\"",
    "'30'": "OK:\"30\"",
    "'1.5'": "OK:\"1.5\"",
    "'1e3'": "OK:\"1e3\"",
    "'5000'": "OK:\"5000\"",
    "'99999999999999999'": "OK:\"99999999999999999\"",
    "'Infinity'": "OK:\"Infinity\"",
    "'abc'": "OK:\"abc\"",
    "'true'": "OK:\"true\"",
    "'false'": "OK:\"false\"",
    "url": "OK:\"https://example.com/path\"",
    "hosts": "OK:\"a.example.com, b.example.com\"",
    "json-object": "OK:\"{\\\"a\\\":1}\"",
    "json-array": "OK:\"[\\\"x\\\"]\"",
    "number 7": "REJECT",
    "boolean true": "REJECT",
    "array": "REJECT",
    "object": "REJECT"
  },
  "BEDROCK_GATEWAY_API_KEY": {
    "undefined": "REJECT",
    "null": "REJECT",
    "empty": "REJECT",
    "space": "OK:\" \"",
    "'0'": "OK:\"0\"",
    "'1'": "OK:\"1\"",
    "'-1'": "OK:\"-1\"",
    "'30'": "OK:\"30\"",
    "'1.5'": "OK:\"1.5\"",
    "'1e3'": "OK:\"1e3\"",
    "'5000'": "OK:\"5000\"",
    "'99999999999999999'": "OK:\"99999999999999999\"",
    "'Infinity'": "OK:\"Infinity\"",
    "'abc'": "OK:\"abc\"",
    "'true'": "OK:\"true\"",
    "'false'": "OK:\"false\"",
    "url": "OK:\"https://example.com/path\"",
    "hosts": "OK:\"a.example.com, b.example.com\"",
    "json-object": "OK:\"{\\\"a\\\":1}\"",
    "json-array": "OK:\"[\\\"x\\\"]\"",
    "number 7": "REJECT",
    "boolean true": "REJECT",
    "array": "REJECT",
    "object": "REJECT"
  },
  "LOCAL_GEMMA_API_KEY": {
    "undefined": "REJECT",
    "null": "REJECT",
    "empty": "REJECT",
    "space": "OK:\" \"",
    "'0'": "OK:\"0\"",
    "'1'": "OK:\"1\"",
    "'-1'": "OK:\"-1\"",
    "'30'": "OK:\"30\"",
    "'1.5'": "OK:\"1.5\"",
    "'1e3'": "OK:\"1e3\"",
    "'5000'": "OK:\"5000\"",
    "'99999999999999999'": "OK:\"99999999999999999\"",
    "'Infinity'": "OK:\"Infinity\"",
    "'abc'": "OK:\"abc\"",
    "'true'": "OK:\"true\"",
    "'false'": "OK:\"false\"",
    "url": "OK:\"https://example.com/path\"",
    "hosts": "OK:\"a.example.com, b.example.com\"",
    "json-object": "OK:\"{\\\"a\\\":1}\"",
    "json-array": "OK:\"[\\\"x\\\"]\"",
    "number 7": "REJECT",
    "boolean true": "REJECT",
    "array": "REJECT",
    "object": "REJECT"
  },
  "GITHUB_TOKEN": {
    "undefined": "REJECT",
    "null": "REJECT",
    "empty": "REJECT",
    "space": "OK:\" \"",
    "'0'": "OK:\"0\"",
    "'1'": "OK:\"1\"",
    "'-1'": "OK:\"-1\"",
    "'30'": "OK:\"30\"",
    "'1.5'": "OK:\"1.5\"",
    "'1e3'": "OK:\"1e3\"",
    "'5000'": "OK:\"5000\"",
    "'99999999999999999'": "OK:\"99999999999999999\"",
    "'Infinity'": "OK:\"Infinity\"",
    "'abc'": "OK:\"abc\"",
    "'true'": "OK:\"true\"",
    "'false'": "OK:\"false\"",
    "url": "OK:\"https://example.com/path\"",
    "hosts": "OK:\"a.example.com, b.example.com\"",
    "json-object": "OK:\"{\\\"a\\\":1}\"",
    "json-array": "OK:\"[\\\"x\\\"]\"",
    "number 7": "REJECT",
    "boolean true": "REJECT",
    "array": "REJECT",
    "object": "REJECT"
  },
  "GITHUB_APP_PRIVATE_KEY": {
    "undefined": "REJECT",
    "null": "REJECT",
    "empty": "REJECT",
    "space": "OK:\" \"",
    "'0'": "OK:\"0\"",
    "'1'": "OK:\"1\"",
    "'-1'": "OK:\"-1\"",
    "'30'": "OK:\"30\"",
    "'1.5'": "OK:\"1.5\"",
    "'1e3'": "OK:\"1e3\"",
    "'5000'": "OK:\"5000\"",
    "'99999999999999999'": "OK:\"99999999999999999\"",
    "'Infinity'": "OK:\"Infinity\"",
    "'abc'": "OK:\"abc\"",
    "'true'": "OK:\"true\"",
    "'false'": "OK:\"false\"",
    "url": "OK:\"https://example.com/path\"",
    "hosts": "OK:\"a.example.com, b.example.com\"",
    "json-object": "OK:\"{\\\"a\\\":1}\"",
    "json-array": "OK:\"[\\\"x\\\"]\"",
    "number 7": "REJECT",
    "boolean true": "REJECT",
    "array": "REJECT",
    "object": "REJECT"
  },
  "AI_PROVIDER": {
    "undefined": "REJECT",
    "null": "REJECT",
    "empty": "REJECT",
    "space": "REJECT",
    "'0'": "REJECT",
    "'1'": "REJECT",
    "'-1'": "REJECT",
    "'30'": "REJECT",
    "'1.5'": "REJECT",
    "'1e3'": "REJECT",
    "'5000'": "REJECT",
    "'99999999999999999'": "REJECT",
    "'Infinity'": "REJECT",
    "'abc'": "REJECT",
    "'true'": "REJECT",
    "'false'": "REJECT",
    "url": "REJECT",
    "hosts": "REJECT",
    "json-object": "REJECT",
    "json-array": "REJECT",
    "number 7": "REJECT",
    "boolean true": "REJECT",
    "array": "REJECT",
    "object": "REJECT"
  },
  "AI_DEFAULT_MODEL": {
    "undefined": "REJECT",
    "null": "REJECT",
    "empty": "REJECT",
    "space": "OK:\" \"",
    "'0'": "OK:\"0\"",
    "'1'": "OK:\"1\"",
    "'-1'": "OK:\"-1\"",
    "'30'": "OK:\"30\"",
    "'1.5'": "OK:\"1.5\"",
    "'1e3'": "OK:\"1e3\"",
    "'5000'": "OK:\"5000\"",
    "'99999999999999999'": "OK:\"99999999999999999\"",
    "'Infinity'": "OK:\"Infinity\"",
    "'abc'": "OK:\"abc\"",
    "'true'": "OK:\"true\"",
    "'false'": "OK:\"false\"",
    "url": "OK:\"https://example.com/path\"",
    "hosts": "OK:\"a.example.com, b.example.com\"",
    "json-object": "OK:\"{\\\"a\\\":1}\"",
    "json-array": "OK:\"[\\\"x\\\"]\"",
    "number 7": "REJECT",
    "boolean true": "REJECT",
    "array": "REJECT",
    "object": "REJECT"
  },
  "AI_MODE": {
    "undefined": "REJECT",
    "null": "REJECT",
    "empty": "REJECT",
    "space": "REJECT",
    "'0'": "REJECT",
    "'1'": "REJECT",
    "'-1'": "REJECT",
    "'30'": "REJECT",
    "'1.5'": "REJECT",
    "'1e3'": "REJECT",
    "'5000'": "REJECT",
    "'99999999999999999'": "REJECT",
    "'Infinity'": "REJECT",
    "'abc'": "REJECT",
    "'true'": "REJECT",
    "'false'": "REJECT",
    "url": "REJECT",
    "hosts": "REJECT",
    "json-object": "REJECT",
    "json-array": "REJECT",
    "number 7": "REJECT",
    "boolean true": "REJECT",
    "array": "REJECT",
    "object": "REJECT"
  },
  "ANTHROPIC_PROMPT_CACHE_TTL": {
    "undefined": "REJECT",
    "null": "REJECT",
    "empty": "REJECT",
    "space": "REJECT",
    "'0'": "REJECT",
    "'1'": "REJECT",
    "'-1'": "REJECT",
    "'30'": "REJECT",
    "'1.5'": "REJECT",
    "'1e3'": "REJECT",
    "'5000'": "REJECT",
    "'99999999999999999'": "REJECT",
    "'Infinity'": "REJECT",
    "'abc'": "REJECT",
    "'true'": "REJECT",
    "'false'": "REJECT",
    "url": "REJECT",
    "hosts": "REJECT",
    "json-object": "REJECT",
    "json-array": "REJECT",
    "number 7": "REJECT",
    "boolean true": "REJECT",
    "array": "REJECT",
    "object": "REJECT"
  },
  "ANTHROPIC_BASE_URL_BILLS_AS": {
    "undefined": "REJECT",
    "null": "REJECT",
    "empty": "REJECT",
    "space": "REJECT",
    "'0'": "REJECT",
    "'1'": "REJECT",
    "'-1'": "REJECT",
    "'30'": "REJECT",
    "'1.5'": "REJECT",
    "'1e3'": "REJECT",
    "'5000'": "REJECT",
    "'99999999999999999'": "REJECT",
    "'Infinity'": "REJECT",
    "'abc'": "REJECT",
    "'true'": "REJECT",
    "'false'": "REJECT",
    "url": "REJECT",
    "hosts": "REJECT",
    "json-object": "REJECT",
    "json-array": "REJECT",
    "number 7": "REJECT",
    "boolean true": "REJECT",
    "array": "REJECT",
    "object": "REJECT"
  },
  "MODEL_PRICES": {
    "undefined": "REJECT",
    "null": "REJECT",
    "empty": "REJECT",
    "space": "REJECT",
    "'0'": "REJECT",
    "'1'": "REJECT",
    "'-1'": "REJECT",
    "'30'": "REJECT",
    "'1.5'": "REJECT",
    "'1e3'": "REJECT",
    "'5000'": "REJECT",
    "'99999999999999999'": "REJECT",
    "'Infinity'": "REJECT",
    "'abc'": "REJECT",
    "'true'": "REJECT",
    "'false'": "REJECT",
    "url": "REJECT",
    "hosts": "REJECT",
    "json-object": "REJECT",
    "json-array": "REJECT",
    "number 7": "REJECT",
    "boolean true": "REJECT",
    "array": "REJECT",
    "object": "REJECT"
  },
  "DOCS_GEN_CLAIM_MODEL": {
    "undefined": "REJECT",
    "null": "REJECT",
    "empty": "REJECT",
    "space": "OK:\" \"",
    "'0'": "OK:\"0\"",
    "'1'": "OK:\"1\"",
    "'-1'": "OK:\"-1\"",
    "'30'": "OK:\"30\"",
    "'1.5'": "OK:\"1.5\"",
    "'1e3'": "OK:\"1e3\"",
    "'5000'": "OK:\"5000\"",
    "'99999999999999999'": "OK:\"99999999999999999\"",
    "'Infinity'": "OK:\"Infinity\"",
    "'abc'": "OK:\"abc\"",
    "'true'": "OK:\"true\"",
    "'false'": "OK:\"false\"",
    "url": "OK:\"https://example.com/path\"",
    "hosts": "OK:\"a.example.com, b.example.com\"",
    "json-object": "OK:\"{\\\"a\\\":1}\"",
    "json-array": "OK:\"[\\\"x\\\"]\"",
    "number 7": "REJECT",
    "boolean true": "REJECT",
    "array": "REJECT",
    "object": "REJECT"
  },
  "DOCS_GEN_SECTION_MAX_OUTPUT_TOKENS": {
    "undefined": "REJECT",
    "null": "REJECT",
    "empty": "REJECT",
    "space": "REJECT",
    "'0'": "REJECT",
    "'1'": "OK:1",
    "'-1'": "REJECT",
    "'30'": "OK:30",
    "'1.5'": "REJECT",
    "'1e3'": "OK:1000",
    "'5000'": "OK:5000",
    "'99999999999999999'": "REJECT",
    "'Infinity'": "REJECT",
    "'abc'": "REJECT",
    "'true'": "REJECT",
    "'false'": "REJECT",
    "url": "REJECT",
    "hosts": "REJECT",
    "json-object": "REJECT",
    "json-array": "REJECT",
    "number 7": "OK:7",
    "boolean true": "OK:1",
    "array": "REJECT",
    "object": "REJECT"
  },
  "DOCS_GEN_PHASE1_CONCURRENCY": {
    "undefined": "REJECT",
    "null": "REJECT",
    "empty": "REJECT",
    "space": "REJECT",
    "'0'": "REJECT",
    "'1'": "OK:1",
    "'-1'": "REJECT",
    "'30'": "OK:30",
    "'1.5'": "REJECT",
    "'1e3'": "REJECT",
    "'5000'": "REJECT",
    "'99999999999999999'": "REJECT",
    "'Infinity'": "REJECT",
    "'abc'": "REJECT",
    "'true'": "REJECT",
    "'false'": "REJECT",
    "url": "REJECT",
    "hosts": "REJECT",
    "json-object": "REJECT",
    "json-array": "REJECT",
    "number 7": "OK:7",
    "boolean true": "OK:1",
    "array": "REJECT",
    "object": "REJECT"
  },
  "DOCS_GEN_PHASE2_CONCURRENCY": {
    "undefined": "REJECT",
    "null": "REJECT",
    "empty": "REJECT",
    "space": "REJECT",
    "'0'": "REJECT",
    "'1'": "OK:1",
    "'-1'": "REJECT",
    "'30'": "OK:30",
    "'1.5'": "REJECT",
    "'1e3'": "REJECT",
    "'5000'": "REJECT",
    "'99999999999999999'": "REJECT",
    "'Infinity'": "REJECT",
    "'abc'": "REJECT",
    "'true'": "REJECT",
    "'false'": "REJECT",
    "url": "REJECT",
    "hosts": "REJECT",
    "json-object": "REJECT",
    "json-array": "REJECT",
    "number 7": "OK:7",
    "boolean true": "OK:1",
    "array": "REJECT",
    "object": "REJECT"
  },
  "DOCS_GEN_PHASE1_CHUNK_INPUT_TOKENS": {
    "undefined": "REJECT",
    "null": "REJECT",
    "empty": "REJECT",
    "space": "REJECT",
    "'0'": "REJECT",
    "'1'": "REJECT",
    "'-1'": "REJECT",
    "'30'": "REJECT",
    "'1.5'": "REJECT",
    "'1e3'": "OK:1000",
    "'5000'": "OK:5000",
    "'99999999999999999'": "REJECT",
    "'Infinity'": "REJECT",
    "'abc'": "REJECT",
    "'true'": "REJECT",
    "'false'": "REJECT",
    "url": "REJECT",
    "hosts": "REJECT",
    "json-object": "REJECT",
    "json-array": "REJECT",
    "number 7": "REJECT",
    "boolean true": "REJECT",
    "array": "REJECT",
    "object": "REJECT"
  },
  "DOCS_GEN_PHASE1_INCLUDE_TESTS": {
    "undefined": "OK:false",
    "null": "OK:false",
    "empty": "OK:false",
    "space": "OK:true",
    "'0'": "OK:true",
    "'1'": "OK:true",
    "'-1'": "OK:true",
    "'30'": "OK:true",
    "'1.5'": "OK:true",
    "'1e3'": "OK:true",
    "'5000'": "OK:true",
    "'99999999999999999'": "OK:true",
    "'Infinity'": "OK:true",
    "'abc'": "OK:true",
    "'true'": "OK:true",
    "'false'": "OK:true",
    "url": "OK:true",
    "hosts": "OK:true",
    "json-object": "OK:true",
    "json-array": "OK:true",
    "number 7": "OK:true",
    "boolean true": "OK:true",
    "array": "OK:true",
    "object": "OK:true"
  },
  "REPO_SOURCE_MAX_FILES": {
    "undefined": "REJECT",
    "null": "REJECT",
    "empty": "REJECT",
    "space": "REJECT",
    "'0'": "REJECT",
    "'1'": "OK:1",
    "'-1'": "REJECT",
    "'30'": "OK:30",
    "'1.5'": "REJECT",
    "'1e3'": "OK:1000",
    "'5000'": "OK:5000",
    "'99999999999999999'": "REJECT",
    "'Infinity'": "REJECT",
    "'abc'": "REJECT",
    "'true'": "REJECT",
    "'false'": "REJECT",
    "url": "REJECT",
    "hosts": "REJECT",
    "json-object": "REJECT",
    "json-array": "REJECT",
    "number 7": "OK:7",
    "boolean true": "OK:1",
    "array": "REJECT",
    "object": "REJECT"
  },
  "REPO_SOURCE_MAX_FILE_BYTES": {
    "undefined": "REJECT",
    "null": "REJECT",
    "empty": "REJECT",
    "space": "REJECT",
    "'0'": "REJECT",
    "'1'": "REJECT",
    "'-1'": "REJECT",
    "'30'": "REJECT",
    "'1.5'": "REJECT",
    "'1e3'": "REJECT",
    "'5000'": "OK:5000",
    "'99999999999999999'": "REJECT",
    "'Infinity'": "REJECT",
    "'abc'": "REJECT",
    "'true'": "REJECT",
    "'false'": "REJECT",
    "url": "REJECT",
    "hosts": "REJECT",
    "json-object": "REJECT",
    "json-array": "REJECT",
    "number 7": "REJECT",
    "boolean true": "REJECT",
    "array": "REJECT",
    "object": "REJECT"
  },
  "REPO_SOURCE_INCLUDE_TESTS": {
    "undefined": "OK:false",
    "null": "OK:false",
    "empty": "OK:false",
    "space": "OK:true",
    "'0'": "OK:true",
    "'1'": "OK:true",
    "'-1'": "OK:true",
    "'30'": "OK:true",
    "'1.5'": "OK:true",
    "'1e3'": "OK:true",
    "'5000'": "OK:true",
    "'99999999999999999'": "OK:true",
    "'Infinity'": "OK:true",
    "'abc'": "OK:true",
    "'true'": "OK:true",
    "'false'": "OK:true",
    "url": "OK:true",
    "hosts": "OK:true",
    "json-object": "OK:true",
    "json-array": "OK:true",
    "number 7": "OK:true",
    "boolean true": "OK:true",
    "array": "OK:true",
    "object": "OK:true"
  },
  "REPO_SOURCE_INGEST_CONCURRENCY": {
    "undefined": "REJECT",
    "null": "REJECT",
    "empty": "REJECT",
    "space": "REJECT",
    "'0'": "REJECT",
    "'1'": "OK:1",
    "'-1'": "REJECT",
    "'30'": "REJECT",
    "'1.5'": "REJECT",
    "'1e3'": "REJECT",
    "'5000'": "REJECT",
    "'99999999999999999'": "REJECT",
    "'Infinity'": "REJECT",
    "'abc'": "REJECT",
    "'true'": "REJECT",
    "'false'": "REJECT",
    "url": "REJECT",
    "hosts": "REJECT",
    "json-object": "REJECT",
    "json-array": "REJECT",
    "number 7": "OK:7",
    "boolean true": "OK:1",
    "array": "REJECT",
    "object": "REJECT"
  },
  "DOCS_GEN_REASONING_ALLOWANCE_TOKENS": {
    "undefined": "REJECT",
    "null": "OK:0",
    "empty": "OK:0",
    "space": "OK:0",
    "'0'": "OK:0",
    "'1'": "OK:1",
    "'-1'": "REJECT",
    "'30'": "OK:30",
    "'1.5'": "REJECT",
    "'1e3'": "OK:1000",
    "'5000'": "OK:5000",
    "'99999999999999999'": "REJECT",
    "'Infinity'": "REJECT",
    "'abc'": "REJECT",
    "'true'": "REJECT",
    "'false'": "REJECT",
    "url": "REJECT",
    "hosts": "REJECT",
    "json-object": "REJECT",
    "json-array": "REJECT",
    "number 7": "OK:7",
    "boolean true": "OK:1",
    "array": "REJECT",
    "object": "REJECT"
  },
  "DOCS_GEN_PHASE1_REASONING": {
    "undefined": "REJECT",
    "null": "REJECT",
    "empty": "REJECT",
    "space": "REJECT",
    "'0'": "REJECT",
    "'1'": "REJECT",
    "'-1'": "REJECT",
    "'30'": "REJECT",
    "'1.5'": "REJECT",
    "'1e3'": "REJECT",
    "'5000'": "REJECT",
    "'99999999999999999'": "REJECT",
    "'Infinity'": "REJECT",
    "'abc'": "REJECT",
    "'true'": "REJECT",
    "'false'": "REJECT",
    "url": "REJECT",
    "hosts": "REJECT",
    "json-object": "REJECT",
    "json-array": "REJECT",
    "number 7": "REJECT",
    "boolean true": "REJECT",
    "array": "REJECT",
    "object": "REJECT"
  },
  "DOCS_GEN_FACTS_MAX_OUTPUT_TOKENS": {
    "undefined": "REJECT",
    "null": "REJECT",
    "empty": "REJECT",
    "space": "REJECT",
    "'0'": "REJECT",
    "'1'": "OK:1",
    "'-1'": "REJECT",
    "'30'": "OK:30",
    "'1.5'": "REJECT",
    "'1e3'": "OK:1000",
    "'5000'": "OK:5000",
    "'99999999999999999'": "REJECT",
    "'Infinity'": "REJECT",
    "'abc'": "REJECT",
    "'true'": "REJECT",
    "'false'": "REJECT",
    "url": "REJECT",
    "hosts": "REJECT",
    "json-object": "REJECT",
    "json-array": "REJECT",
    "number 7": "OK:7",
    "boolean true": "OK:1",
    "array": "REJECT",
    "object": "REJECT"
  },
  "DOCS_GEN_CLAIM_MAX_OUTPUT_TOKENS": {
    "undefined": "REJECT",
    "null": "REJECT",
    "empty": "REJECT",
    "space": "REJECT",
    "'0'": "REJECT",
    "'1'": "OK:1",
    "'-1'": "REJECT",
    "'30'": "OK:30",
    "'1.5'": "REJECT",
    "'1e3'": "OK:1000",
    "'5000'": "OK:5000",
    "'99999999999999999'": "REJECT",
    "'Infinity'": "REJECT",
    "'abc'": "REJECT",
    "'true'": "REJECT",
    "'false'": "REJECT",
    "url": "REJECT",
    "hosts": "REJECT",
    "json-object": "REJECT",
    "json-array": "REJECT",
    "number 7": "OK:7",
    "boolean true": "OK:1",
    "array": "REJECT",
    "object": "REJECT"
  },
  "DOCS_GEN_GROUNDING": {
    "undefined": "REJECT",
    "null": "REJECT",
    "empty": "REJECT",
    "space": "REJECT",
    "'0'": "REJECT",
    "'1'": "REJECT",
    "'-1'": "REJECT",
    "'30'": "REJECT",
    "'1.5'": "REJECT",
    "'1e3'": "REJECT",
    "'5000'": "REJECT",
    "'99999999999999999'": "REJECT",
    "'Infinity'": "REJECT",
    "'abc'": "REJECT",
    "'true'": "REJECT",
    "'false'": "REJECT",
    "url": "REJECT",
    "hosts": "REJECT",
    "json-object": "REJECT",
    "json-array": "REJECT",
    "number 7": "REJECT",
    "boolean true": "REJECT",
    "array": "REJECT",
    "object": "REJECT"
  },
  "DOCS_GEN_GROUNDING_SAMPLE_RATE": {
    "undefined": "REJECT",
    "null": "REJECT",
    "empty": "REJECT",
    "space": "REJECT",
    "'0'": "REJECT",
    "'1'": "OK:1",
    "'-1'": "REJECT",
    "'30'": "REJECT",
    "'1.5'": "REJECT",
    "'1e3'": "REJECT",
    "'5000'": "REJECT",
    "'99999999999999999'": "REJECT",
    "'Infinity'": "REJECT",
    "'abc'": "REJECT",
    "'true'": "REJECT",
    "'false'": "REJECT",
    "url": "REJECT",
    "hosts": "REJECT",
    "json-object": "REJECT",
    "json-array": "REJECT",
    "number 7": "REJECT",
    "boolean true": "OK:1",
    "array": "REJECT",
    "object": "REJECT"
  },
  "DOCS_GEN_DB_SCHEMA_MAX_OUTPUT_TOKENS": {
    "undefined": "REJECT",
    "null": "REJECT",
    "empty": "REJECT",
    "space": "REJECT",
    "'0'": "REJECT",
    "'1'": "OK:1",
    "'-1'": "REJECT",
    "'30'": "OK:30",
    "'1.5'": "REJECT",
    "'1e3'": "OK:1000",
    "'5000'": "OK:5000",
    "'99999999999999999'": "REJECT",
    "'Infinity'": "REJECT",
    "'abc'": "REJECT",
    "'true'": "REJECT",
    "'false'": "REJECT",
    "url": "REJECT",
    "hosts": "REJECT",
    "json-object": "REJECT",
    "json-array": "REJECT",
    "number 7": "OK:7",
    "boolean true": "OK:1",
    "array": "REJECT",
    "object": "REJECT"
  },
  "CHAT_FUSED_CODE_RETRIEVAL": {
    "undefined": "OK:false",
    "null": "OK:false",
    "empty": "OK:false",
    "space": "OK:true",
    "'0'": "OK:true",
    "'1'": "OK:true",
    "'-1'": "OK:true",
    "'30'": "OK:true",
    "'1.5'": "OK:true",
    "'1e3'": "OK:true",
    "'5000'": "OK:true",
    "'99999999999999999'": "OK:true",
    "'Infinity'": "OK:true",
    "'abc'": "OK:true",
    "'true'": "OK:true",
    "'false'": "OK:true",
    "url": "OK:true",
    "hosts": "OK:true",
    "json-object": "OK:true",
    "json-array": "OK:true",
    "number 7": "OK:true",
    "boolean true": "OK:true",
    "array": "OK:true",
    "object": "OK:true"
  },
  "CHAT_COMPACTION_WATERMARK_PERCENT": {
    "undefined": "REJECT",
    "null": "REJECT",
    "empty": "REJECT",
    "space": "REJECT",
    "'0'": "REJECT",
    "'1'": "REJECT",
    "'-1'": "REJECT",
    "'30'": "OK:30",
    "'1.5'": "REJECT",
    "'1e3'": "REJECT",
    "'5000'": "REJECT",
    "'99999999999999999'": "REJECT",
    "'Infinity'": "REJECT",
    "'abc'": "REJECT",
    "'true'": "REJECT",
    "'false'": "REJECT",
    "url": "REJECT",
    "hosts": "REJECT",
    "json-object": "REJECT",
    "json-array": "REJECT",
    "number 7": "REJECT",
    "boolean true": "REJECT",
    "array": "REJECT",
    "object": "REJECT"
  },
  "CHAT_CONTEXT_WINDOW_FALLBACK": {
    "undefined": "REJECT",
    "null": "REJECT",
    "empty": "REJECT",
    "space": "REJECT",
    "'0'": "REJECT",
    "'1'": "REJECT",
    "'-1'": "REJECT",
    "'30'": "REJECT",
    "'1.5'": "REJECT",
    "'1e3'": "REJECT",
    "'5000'": "OK:5000",
    "'99999999999999999'": "REJECT",
    "'Infinity'": "REJECT",
    "'abc'": "REJECT",
    "'true'": "REJECT",
    "'false'": "REJECT",
    "url": "REJECT",
    "hosts": "REJECT",
    "json-object": "REJECT",
    "json-array": "REJECT",
    "number 7": "REJECT",
    "boolean true": "REJECT",
    "array": "REJECT",
    "object": "REJECT"
  },
  "CHAT_ANSWER_RESERVE_PERCENT": {
    "undefined": "REJECT",
    "null": "OK:0",
    "empty": "OK:0",
    "space": "OK:0",
    "'0'": "OK:0",
    "'1'": "OK:1",
    "'-1'": "REJECT",
    "'30'": "OK:30",
    "'1.5'": "REJECT",
    "'1e3'": "REJECT",
    "'5000'": "REJECT",
    "'99999999999999999'": "REJECT",
    "'Infinity'": "REJECT",
    "'abc'": "REJECT",
    "'true'": "REJECT",
    "'false'": "REJECT",
    "url": "REJECT",
    "hosts": "REJECT",
    "json-object": "REJECT",
    "json-array": "REJECT",
    "number 7": "OK:7",
    "boolean true": "OK:1",
    "array": "REJECT",
    "object": "REJECT"
  },
  "CHAT_TOOL_RESULT_MAX_TOKENS": {
    "undefined": "REJECT",
    "null": "REJECT",
    "empty": "REJECT",
    "space": "REJECT",
    "'0'": "REJECT",
    "'1'": "OK:1",
    "'-1'": "REJECT",
    "'30'": "OK:30",
    "'1.5'": "REJECT",
    "'1e3'": "OK:1000",
    "'5000'": "OK:5000",
    "'99999999999999999'": "REJECT",
    "'Infinity'": "REJECT",
    "'abc'": "REJECT",
    "'true'": "REJECT",
    "'false'": "REJECT",
    "url": "REJECT",
    "hosts": "REJECT",
    "json-object": "REJECT",
    "json-array": "REJECT",
    "number 7": "OK:7",
    "boolean true": "OK:1",
    "array": "REJECT",
    "object": "REJECT"
  },
  "CHAT_COMPACTION_SUMMARY_MAX_TOKENS": {
    "undefined": "REJECT",
    "null": "REJECT",
    "empty": "REJECT",
    "space": "REJECT",
    "'0'": "REJECT",
    "'1'": "OK:1",
    "'-1'": "REJECT",
    "'30'": "OK:30",
    "'1.5'": "REJECT",
    "'1e3'": "OK:1000",
    "'5000'": "OK:5000",
    "'99999999999999999'": "REJECT",
    "'Infinity'": "REJECT",
    "'abc'": "REJECT",
    "'true'": "REJECT",
    "'false'": "REJECT",
    "url": "REJECT",
    "hosts": "REJECT",
    "json-object": "REJECT",
    "json-array": "REJECT",
    "number 7": "OK:7",
    "boolean true": "OK:1",
    "array": "REJECT",
    "object": "REJECT"
  },
  "CHAT_FUSED_CODE_TOKEN_BUDGET": {
    "undefined": "REJECT",
    "null": "REJECT",
    "empty": "REJECT",
    "space": "REJECT",
    "'0'": "REJECT",
    "'1'": "OK:1",
    "'-1'": "REJECT",
    "'30'": "OK:30",
    "'1.5'": "REJECT",
    "'1e3'": "OK:1000",
    "'5000'": "OK:5000",
    "'99999999999999999'": "REJECT",
    "'Infinity'": "REJECT",
    "'abc'": "REJECT",
    "'true'": "REJECT",
    "'false'": "REJECT",
    "url": "REJECT",
    "hosts": "REJECT",
    "json-object": "REJECT",
    "json-array": "REJECT",
    "number 7": "OK:7",
    "boolean true": "OK:1",
    "array": "REJECT",
    "object": "REJECT"
  },
  "CHAT_FUSED_CODE_MAX_SYMBOLS": {
    "undefined": "REJECT",
    "null": "REJECT",
    "empty": "REJECT",
    "space": "REJECT",
    "'0'": "REJECT",
    "'1'": "OK:1",
    "'-1'": "REJECT",
    "'30'": "OK:30",
    "'1.5'": "REJECT",
    "'1e3'": "OK:1000",
    "'5000'": "OK:5000",
    "'99999999999999999'": "REJECT",
    "'Infinity'": "REJECT",
    "'abc'": "REJECT",
    "'true'": "REJECT",
    "'false'": "REJECT",
    "url": "REJECT",
    "hosts": "REJECT",
    "json-object": "REJECT",
    "json-array": "REJECT",
    "number 7": "OK:7",
    "boolean true": "OK:1",
    "array": "REJECT",
    "object": "REJECT"
  },
  "ANALYSIS_FUSED_CODE_RETRIEVAL": {
    "undefined": "OK:false",
    "null": "OK:false",
    "empty": "OK:false",
    "space": "OK:true",
    "'0'": "OK:true",
    "'1'": "OK:true",
    "'-1'": "OK:true",
    "'30'": "OK:true",
    "'1.5'": "OK:true",
    "'1e3'": "OK:true",
    "'5000'": "OK:true",
    "'99999999999999999'": "OK:true",
    "'Infinity'": "OK:true",
    "'abc'": "OK:true",
    "'true'": "OK:true",
    "'false'": "OK:true",
    "url": "OK:true",
    "hosts": "OK:true",
    "json-object": "OK:true",
    "json-array": "OK:true",
    "number 7": "OK:true",
    "boolean true": "OK:true",
    "array": "OK:true",
    "object": "OK:true"
  },
  "ANALYSIS_FUSED_CODE_TOKEN_BUDGET": {
    "undefined": "REJECT",
    "null": "REJECT",
    "empty": "REJECT",
    "space": "REJECT",
    "'0'": "REJECT",
    "'1'": "OK:1",
    "'-1'": "REJECT",
    "'30'": "OK:30",
    "'1.5'": "REJECT",
    "'1e3'": "OK:1000",
    "'5000'": "OK:5000",
    "'99999999999999999'": "REJECT",
    "'Infinity'": "REJECT",
    "'abc'": "REJECT",
    "'true'": "REJECT",
    "'false'": "REJECT",
    "url": "REJECT",
    "hosts": "REJECT",
    "json-object": "REJECT",
    "json-array": "REJECT",
    "number 7": "OK:7",
    "boolean true": "OK:1",
    "array": "REJECT",
    "object": "REJECT"
  },
  "ANALYSIS_FUSED_CODE_MAX_SYMBOLS": {
    "undefined": "REJECT",
    "null": "REJECT",
    "empty": "REJECT",
    "space": "REJECT",
    "'0'": "REJECT",
    "'1'": "OK:1",
    "'-1'": "REJECT",
    "'30'": "OK:30",
    "'1.5'": "REJECT",
    "'1e3'": "OK:1000",
    "'5000'": "OK:5000",
    "'99999999999999999'": "REJECT",
    "'Infinity'": "REJECT",
    "'abc'": "REJECT",
    "'true'": "REJECT",
    "'false'": "REJECT",
    "url": "REJECT",
    "hosts": "REJECT",
    "json-object": "REJECT",
    "json-array": "REJECT",
    "number 7": "OK:7",
    "boolean true": "OK:1",
    "array": "REJECT",
    "object": "REJECT"
  },
  "ANALYSIS_AGENTIC_MAX_TURNS": {
    "undefined": "REJECT",
    "null": "REJECT",
    "empty": "REJECT",
    "space": "REJECT",
    "'0'": "REJECT",
    "'1'": "OK:1",
    "'-1'": "REJECT",
    "'30'": "OK:30",
    "'1.5'": "REJECT",
    "'1e3'": "OK:1000",
    "'5000'": "OK:5000",
    "'99999999999999999'": "REJECT",
    "'Infinity'": "REJECT",
    "'abc'": "REJECT",
    "'true'": "REJECT",
    "'false'": "REJECT",
    "url": "REJECT",
    "hosts": "REJECT",
    "json-object": "REJECT",
    "json-array": "REJECT",
    "number 7": "OK:7",
    "boolean true": "OK:1",
    "array": "REJECT",
    "object": "REJECT"
  },
  "ANALYSIS_AGENT_TOKEN_BUDGET": {
    "undefined": "REJECT",
    "null": "REJECT",
    "empty": "REJECT",
    "space": "REJECT",
    "'0'": "REJECT",
    "'1'": "OK:1",
    "'-1'": "REJECT",
    "'30'": "OK:30",
    "'1.5'": "REJECT",
    "'1e3'": "OK:1000",
    "'5000'": "OK:5000",
    "'99999999999999999'": "REJECT",
    "'Infinity'": "REJECT",
    "'abc'": "REJECT",
    "'true'": "REJECT",
    "'false'": "REJECT",
    "url": "REJECT",
    "hosts": "REJECT",
    "json-object": "REJECT",
    "json-array": "REJECT",
    "number 7": "OK:7",
    "boolean true": "OK:1",
    "array": "REJECT",
    "object": "REJECT"
  },
  "ANALYSIS_FINAL_ANSWER_MAX_OUTPUT_TOKENS": {
    "undefined": "REJECT",
    "null": "REJECT",
    "empty": "REJECT",
    "space": "REJECT",
    "'0'": "REJECT",
    "'1'": "OK:1",
    "'-1'": "REJECT",
    "'30'": "OK:30",
    "'1.5'": "REJECT",
    "'1e3'": "OK:1000",
    "'5000'": "OK:5000",
    "'99999999999999999'": "REJECT",
    "'Infinity'": "REJECT",
    "'abc'": "REJECT",
    "'true'": "REJECT",
    "'false'": "REJECT",
    "url": "REJECT",
    "hosts": "REJECT",
    "json-object": "REJECT",
    "json-array": "REJECT",
    "number 7": "OK:7",
    "boolean true": "OK:1",
    "array": "REJECT",
    "object": "REJECT"
  },
  "ANALYSIS_SYNTHESIS_MAX_OUTPUT_TOKENS": {
    "undefined": "REJECT",
    "null": "REJECT",
    "empty": "REJECT",
    "space": "REJECT",
    "'0'": "REJECT",
    "'1'": "OK:1",
    "'-1'": "REJECT",
    "'30'": "OK:30",
    "'1.5'": "REJECT",
    "'1e3'": "OK:1000",
    "'5000'": "OK:5000",
    "'99999999999999999'": "REJECT",
    "'Infinity'": "REJECT",
    "'abc'": "REJECT",
    "'true'": "REJECT",
    "'false'": "REJECT",
    "url": "REJECT",
    "hosts": "REJECT",
    "json-object": "REJECT",
    "json-array": "REJECT",
    "number 7": "OK:7",
    "boolean true": "OK:1",
    "array": "REJECT",
    "object": "REJECT"
  },
  "ANALYSIS_AGENTIC_TURNS_PER_REQUIREMENT": {
    "undefined": "REJECT",
    "null": "OK:0",
    "empty": "OK:0",
    "space": "OK:0",
    "'0'": "OK:0",
    "'1'": "OK:1",
    "'-1'": "REJECT",
    "'30'": "OK:30",
    "'1.5'": "REJECT",
    "'1e3'": "OK:1000",
    "'5000'": "OK:5000",
    "'99999999999999999'": "REJECT",
    "'Infinity'": "REJECT",
    "'abc'": "REJECT",
    "'true'": "REJECT",
    "'false'": "REJECT",
    "url": "REJECT",
    "hosts": "REJECT",
    "json-object": "REJECT",
    "json-array": "REJECT",
    "number 7": "OK:7",
    "boolean true": "OK:1",
    "array": "REJECT",
    "object": "REJECT"
  },
  "ANALYSIS_AGENTIC_MAX_TURNS_CAP": {
    "undefined": "REJECT",
    "null": "REJECT",
    "empty": "REJECT",
    "space": "REJECT",
    "'0'": "REJECT",
    "'1'": "OK:1",
    "'-1'": "REJECT",
    "'30'": "OK:30",
    "'1.5'": "REJECT",
    "'1e3'": "OK:1000",
    "'5000'": "OK:5000",
    "'99999999999999999'": "REJECT",
    "'Infinity'": "REJECT",
    "'abc'": "REJECT",
    "'true'": "REJECT",
    "'false'": "REJECT",
    "url": "REJECT",
    "hosts": "REJECT",
    "json-object": "REJECT",
    "json-array": "REJECT",
    "number 7": "OK:7",
    "boolean true": "OK:1",
    "array": "REJECT",
    "object": "REJECT"
  },
  "ANALYSIS_AFFECTED_CODE_MAPPING": {
    "undefined": "OK:false",
    "null": "OK:false",
    "empty": "OK:false",
    "space": "OK:true",
    "'0'": "OK:true",
    "'1'": "OK:true",
    "'-1'": "OK:true",
    "'30'": "OK:true",
    "'1.5'": "OK:true",
    "'1e3'": "OK:true",
    "'5000'": "OK:true",
    "'99999999999999999'": "OK:true",
    "'Infinity'": "OK:true",
    "'abc'": "OK:true",
    "'true'": "OK:true",
    "'false'": "OK:true",
    "url": "OK:true",
    "hosts": "OK:true",
    "json-object": "OK:true",
    "json-array": "OK:true",
    "number 7": "OK:true",
    "boolean true": "OK:true",
    "array": "OK:true",
    "object": "OK:true"
  },
  "ANALYSIS_AFFECTED_CODE_TOKEN_BUDGET": {
    "undefined": "REJECT",
    "null": "REJECT",
    "empty": "REJECT",
    "space": "REJECT",
    "'0'": "REJECT",
    "'1'": "OK:1",
    "'-1'": "REJECT",
    "'30'": "OK:30",
    "'1.5'": "REJECT",
    "'1e3'": "OK:1000",
    "'5000'": "OK:5000",
    "'99999999999999999'": "REJECT",
    "'Infinity'": "REJECT",
    "'abc'": "REJECT",
    "'true'": "REJECT",
    "'false'": "REJECT",
    "url": "REJECT",
    "hosts": "REJECT",
    "json-object": "REJECT",
    "json-array": "REJECT",
    "number 7": "OK:7",
    "boolean true": "OK:1",
    "array": "REJECT",
    "object": "REJECT"
  },
  "ANALYSIS_AFFECTED_CODE_MAX_CANDIDATES": {
    "undefined": "REJECT",
    "null": "REJECT",
    "empty": "REJECT",
    "space": "REJECT",
    "'0'": "REJECT",
    "'1'": "OK:1",
    "'-1'": "REJECT",
    "'30'": "OK:30",
    "'1.5'": "REJECT",
    "'1e3'": "OK:1000",
    "'5000'": "OK:5000",
    "'99999999999999999'": "REJECT",
    "'Infinity'": "REJECT",
    "'abc'": "REJECT",
    "'true'": "REJECT",
    "'false'": "REJECT",
    "url": "REJECT",
    "hosts": "REJECT",
    "json-object": "REJECT",
    "json-array": "REJECT",
    "number 7": "OK:7",
    "boolean true": "OK:1",
    "array": "REJECT",
    "object": "REJECT"
  },
  "ANALYSIS_AFFECTED_CODE_MAX_SYMBOLS": {
    "undefined": "REJECT",
    "null": "REJECT",
    "empty": "REJECT",
    "space": "REJECT",
    "'0'": "REJECT",
    "'1'": "OK:1",
    "'-1'": "REJECT",
    "'30'": "OK:30",
    "'1.5'": "REJECT",
    "'1e3'": "OK:1000",
    "'5000'": "OK:5000",
    "'99999999999999999'": "REJECT",
    "'Infinity'": "REJECT",
    "'abc'": "REJECT",
    "'true'": "REJECT",
    "'false'": "REJECT",
    "url": "REJECT",
    "hosts": "REJECT",
    "json-object": "REJECT",
    "json-array": "REJECT",
    "number 7": "OK:7",
    "boolean true": "OK:1",
    "array": "REJECT",
    "object": "REJECT"
  },
  "ANALYSIS_AFFECTED_SCHEMA_MAPPING": {
    "undefined": "OK:false",
    "null": "OK:false",
    "empty": "OK:false",
    "space": "OK:true",
    "'0'": "OK:true",
    "'1'": "OK:true",
    "'-1'": "OK:true",
    "'30'": "OK:true",
    "'1.5'": "OK:true",
    "'1e3'": "OK:true",
    "'5000'": "OK:true",
    "'99999999999999999'": "OK:true",
    "'Infinity'": "OK:true",
    "'abc'": "OK:true",
    "'true'": "OK:true",
    "'false'": "OK:true",
    "url": "OK:true",
    "hosts": "OK:true",
    "json-object": "OK:true",
    "json-array": "OK:true",
    "number 7": "OK:true",
    "boolean true": "OK:true",
    "array": "OK:true",
    "object": "OK:true"
  },
  "ANALYSIS_AFFECTED_SCHEMA_TOKEN_BUDGET": {
    "undefined": "REJECT",
    "null": "REJECT",
    "empty": "REJECT",
    "space": "REJECT",
    "'0'": "REJECT",
    "'1'": "OK:1",
    "'-1'": "REJECT",
    "'30'": "OK:30",
    "'1.5'": "REJECT",
    "'1e3'": "OK:1000",
    "'5000'": "OK:5000",
    "'99999999999999999'": "REJECT",
    "'Infinity'": "REJECT",
    "'abc'": "REJECT",
    "'true'": "REJECT",
    "'false'": "REJECT",
    "url": "REJECT",
    "hosts": "REJECT",
    "json-object": "REJECT",
    "json-array": "REJECT",
    "number 7": "OK:7",
    "boolean true": "OK:1",
    "array": "REJECT",
    "object": "REJECT"
  },
  "ANALYSIS_AFFECTED_SCHEMA_MAX_ROWS": {
    "undefined": "REJECT",
    "null": "REJECT",
    "empty": "REJECT",
    "space": "REJECT",
    "'0'": "REJECT",
    "'1'": "OK:1",
    "'-1'": "REJECT",
    "'30'": "OK:30",
    "'1.5'": "REJECT",
    "'1e3'": "OK:1000",
    "'5000'": "OK:5000",
    "'99999999999999999'": "REJECT",
    "'Infinity'": "REJECT",
    "'abc'": "REJECT",
    "'true'": "REJECT",
    "'false'": "REJECT",
    "url": "REJECT",
    "hosts": "REJECT",
    "json-object": "REJECT",
    "json-array": "REJECT",
    "number 7": "OK:7",
    "boolean true": "OK:1",
    "array": "REJECT",
    "object": "REJECT"
  },
  "ANALYSIS_SCHEMA_IMPACT": {
    "undefined": "OK:false",
    "null": "OK:false",
    "empty": "OK:false",
    "space": "OK:true",
    "'0'": "OK:true",
    "'1'": "OK:true",
    "'-1'": "OK:true",
    "'30'": "OK:true",
    "'1.5'": "OK:true",
    "'1e3'": "OK:true",
    "'5000'": "OK:true",
    "'99999999999999999'": "OK:true",
    "'Infinity'": "OK:true",
    "'abc'": "OK:true",
    "'true'": "OK:true",
    "'false'": "OK:true",
    "url": "OK:true",
    "hosts": "OK:true",
    "json-object": "OK:true",
    "json-array": "OK:true",
    "number 7": "OK:true",
    "boolean true": "OK:true",
    "array": "OK:true",
    "object": "OK:true"
  },
  "ANALYSIS_SCHEMA_IMPACT_MAX_REQUIREMENTS": {
    "undefined": "REJECT",
    "null": "REJECT",
    "empty": "REJECT",
    "space": "REJECT",
    "'0'": "REJECT",
    "'1'": "OK:1",
    "'-1'": "REJECT",
    "'30'": "OK:30",
    "'1.5'": "REJECT",
    "'1e3'": "OK:1000",
    "'5000'": "OK:5000",
    "'99999999999999999'": "REJECT",
    "'Infinity'": "REJECT",
    "'abc'": "REJECT",
    "'true'": "REJECT",
    "'false'": "REJECT",
    "url": "REJECT",
    "hosts": "REJECT",
    "json-object": "REJECT",
    "json-array": "REJECT",
    "number 7": "OK:7",
    "boolean true": "OK:1",
    "array": "REJECT",
    "object": "REJECT"
  },
  "ANALYSIS_ESCALATION_POLICY": {
    "undefined": "OK:false",
    "null": "OK:false",
    "empty": "OK:false",
    "space": "OK:true",
    "'0'": "OK:true",
    "'1'": "OK:true",
    "'-1'": "OK:true",
    "'30'": "OK:true",
    "'1.5'": "OK:true",
    "'1e3'": "OK:true",
    "'5000'": "OK:true",
    "'99999999999999999'": "OK:true",
    "'Infinity'": "OK:true",
    "'abc'": "OK:true",
    "'true'": "OK:true",
    "'false'": "OK:true",
    "url": "OK:true",
    "hosts": "OK:true",
    "json-object": "OK:true",
    "json-array": "OK:true",
    "number 7": "OK:true",
    "boolean true": "OK:true",
    "array": "OK:true",
    "object": "OK:true"
  },
  "ANALYSIS_ESCALATION_SCORE_THRESHOLD": {
    "undefined": "REJECT",
    "null": "OK:0",
    "empty": "OK:0",
    "space": "OK:0",
    "'0'": "OK:0",
    "'1'": "OK:1",
    "'-1'": "REJECT",
    "'30'": "REJECT",
    "'1.5'": "REJECT",
    "'1e3'": "REJECT",
    "'5000'": "REJECT",
    "'99999999999999999'": "REJECT",
    "'Infinity'": "REJECT",
    "'abc'": "REJECT",
    "'true'": "REJECT",
    "'false'": "REJECT",
    "url": "REJECT",
    "hosts": "REJECT",
    "json-object": "REJECT",
    "json-array": "REJECT",
    "number 7": "REJECT",
    "boolean true": "OK:1",
    "array": "REJECT",
    "object": "REJECT"
  },
  "ANALYSIS_ESCALATION_MAX_REQUIREMENTS": {
    "undefined": "REJECT",
    "null": "OK:0",
    "empty": "OK:0",
    "space": "OK:0",
    "'0'": "OK:0",
    "'1'": "OK:1",
    "'-1'": "REJECT",
    "'30'": "OK:30",
    "'1.5'": "REJECT",
    "'1e3'": "OK:1000",
    "'5000'": "OK:5000",
    "'99999999999999999'": "REJECT",
    "'Infinity'": "REJECT",
    "'abc'": "REJECT",
    "'true'": "REJECT",
    "'false'": "REJECT",
    "url": "REJECT",
    "hosts": "REJECT",
    "json-object": "REJECT",
    "json-array": "REJECT",
    "number 7": "OK:7",
    "boolean true": "OK:1",
    "array": "REJECT",
    "object": "REJECT"
  },
  "ANALYSIS_ESCALATION_DEEP_MAX_TURNS": {
    "undefined": "REJECT",
    "null": "REJECT",
    "empty": "REJECT",
    "space": "REJECT",
    "'0'": "REJECT",
    "'1'": "OK:1",
    "'-1'": "REJECT",
    "'30'": "OK:30",
    "'1.5'": "REJECT",
    "'1e3'": "OK:1000",
    "'5000'": "OK:5000",
    "'99999999999999999'": "REJECT",
    "'Infinity'": "REJECT",
    "'abc'": "REJECT",
    "'true'": "REJECT",
    "'false'": "REJECT",
    "url": "REJECT",
    "hosts": "REJECT",
    "json-object": "REJECT",
    "json-array": "REJECT",
    "number 7": "OK:7",
    "boolean true": "OK:1",
    "array": "REJECT",
    "object": "REJECT"
  },
  "ANALYSIS_ESCALATION_IMPACT_SATURATION": {
    "undefined": "REJECT",
    "null": "REJECT",
    "empty": "REJECT",
    "space": "REJECT",
    "'0'": "REJECT",
    "'1'": "OK:1",
    "'-1'": "REJECT",
    "'30'": "OK:30",
    "'1.5'": "REJECT",
    "'1e3'": "OK:1000",
    "'5000'": "OK:5000",
    "'99999999999999999'": "REJECT",
    "'Infinity'": "REJECT",
    "'abc'": "REJECT",
    "'true'": "REJECT",
    "'false'": "REJECT",
    "url": "REJECT",
    "hosts": "REJECT",
    "json-object": "REJECT",
    "json-array": "REJECT",
    "number 7": "OK:7",
    "boolean true": "OK:1",
    "array": "REJECT",
    "object": "REJECT"
  },
  "ANALYSIS_SCHEMA_CONTEXT": {
    "undefined": "OK:false",
    "null": "OK:false",
    "empty": "OK:false",
    "space": "OK:true",
    "'0'": "OK:true",
    "'1'": "OK:true",
    "'-1'": "OK:true",
    "'30'": "OK:true",
    "'1.5'": "OK:true",
    "'1e3'": "OK:true",
    "'5000'": "OK:true",
    "'99999999999999999'": "OK:true",
    "'Infinity'": "OK:true",
    "'abc'": "OK:true",
    "'true'": "OK:true",
    "'false'": "OK:true",
    "url": "OK:true",
    "hosts": "OK:true",
    "json-object": "OK:true",
    "json-array": "OK:true",
    "number 7": "OK:true",
    "boolean true": "OK:true",
    "array": "OK:true",
    "object": "OK:true"
  },
  "ANALYSIS_SCHEMA_CONTEXT_TOKEN_BUDGET": {
    "undefined": "REJECT",
    "null": "REJECT",
    "empty": "REJECT",
    "space": "REJECT",
    "'0'": "REJECT",
    "'1'": "OK:1",
    "'-1'": "REJECT",
    "'30'": "OK:30",
    "'1.5'": "REJECT",
    "'1e3'": "OK:1000",
    "'5000'": "OK:5000",
    "'99999999999999999'": "REJECT",
    "'Infinity'": "REJECT",
    "'abc'": "REJECT",
    "'true'": "REJECT",
    "'false'": "REJECT",
    "url": "REJECT",
    "hosts": "REJECT",
    "json-object": "REJECT",
    "json-array": "REJECT",
    "number 7": "OK:7",
    "boolean true": "OK:1",
    "array": "REJECT",
    "object": "REJECT"
  },
  "ANALYSIS_SCHEMA_CONTEXT_MAX_TABLES": {
    "undefined": "REJECT",
    "null": "REJECT",
    "empty": "REJECT",
    "space": "REJECT",
    "'0'": "REJECT",
    "'1'": "OK:1",
    "'-1'": "REJECT",
    "'30'": "OK:30",
    "'1.5'": "REJECT",
    "'1e3'": "OK:1000",
    "'5000'": "OK:5000",
    "'99999999999999999'": "REJECT",
    "'Infinity'": "REJECT",
    "'abc'": "REJECT",
    "'true'": "REJECT",
    "'false'": "REJECT",
    "url": "REJECT",
    "hosts": "REJECT",
    "json-object": "REJECT",
    "json-array": "REJECT",
    "number 7": "OK:7",
    "boolean true": "OK:1",
    "array": "REJECT",
    "object": "REJECT"
  },
  "ANALYSIS_SCHEMA_CONTEXT_OVERFLOW_INDEX_TOKEN_BUDGET": {
    "undefined": "REJECT",
    "null": "REJECT",
    "empty": "REJECT",
    "space": "REJECT",
    "'0'": "REJECT",
    "'1'": "OK:1",
    "'-1'": "REJECT",
    "'30'": "OK:30",
    "'1.5'": "REJECT",
    "'1e3'": "OK:1000",
    "'5000'": "OK:5000",
    "'99999999999999999'": "REJECT",
    "'Infinity'": "REJECT",
    "'abc'": "REJECT",
    "'true'": "REJECT",
    "'false'": "REJECT",
    "url": "REJECT",
    "hosts": "REJECT",
    "json-object": "REJECT",
    "json-array": "REJECT",
    "number 7": "OK:7",
    "boolean true": "OK:1",
    "array": "REJECT",
    "object": "REJECT"
  },
  "CHAT_CODE_SEARCH_TOOLS": {
    "undefined": "OK:false",
    "null": "OK:false",
    "empty": "OK:false",
    "space": "OK:true",
    "'0'": "OK:true",
    "'1'": "OK:true",
    "'-1'": "OK:true",
    "'30'": "OK:true",
    "'1.5'": "OK:true",
    "'1e3'": "OK:true",
    "'5000'": "OK:true",
    "'99999999999999999'": "OK:true",
    "'Infinity'": "OK:true",
    "'abc'": "OK:true",
    "'true'": "OK:true",
    "'false'": "OK:true",
    "url": "OK:true",
    "hosts": "OK:true",
    "json-object": "OK:true",
    "json-array": "OK:true",
    "number 7": "OK:true",
    "boolean true": "OK:true",
    "array": "OK:true",
    "object": "OK:true"
  },
  "CHAT_TOOLS": {
    "undefined": "OK:false",
    "null": "OK:false",
    "empty": "OK:false",
    "space": "OK:true",
    "'0'": "OK:true",
    "'1'": "OK:true",
    "'-1'": "OK:true",
    "'30'": "OK:true",
    "'1.5'": "OK:true",
    "'1e3'": "OK:true",
    "'5000'": "OK:true",
    "'99999999999999999'": "OK:true",
    "'Infinity'": "OK:true",
    "'abc'": "OK:true",
    "'true'": "OK:true",
    "'false'": "OK:true",
    "url": "OK:true",
    "hosts": "OK:true",
    "json-object": "OK:true",
    "json-array": "OK:true",
    "number 7": "OK:true",
    "boolean true": "OK:true",
    "array": "OK:true",
    "object": "OK:true"
  },
  "CHAT_PROGRESSIVE_SKILLS": {
    "undefined": "OK:false",
    "null": "OK:false",
    "empty": "OK:false",
    "space": "OK:true",
    "'0'": "OK:true",
    "'1'": "OK:true",
    "'-1'": "OK:true",
    "'30'": "OK:true",
    "'1.5'": "OK:true",
    "'1e3'": "OK:true",
    "'5000'": "OK:true",
    "'99999999999999999'": "OK:true",
    "'Infinity'": "OK:true",
    "'abc'": "OK:true",
    "'true'": "OK:true",
    "'false'": "OK:true",
    "url": "OK:true",
    "hosts": "OK:true",
    "json-object": "OK:true",
    "json-array": "OK:true",
    "number 7": "OK:true",
    "boolean true": "OK:true",
    "array": "OK:true",
    "object": "OK:true"
  },
  "CHAT_SUBAGENTS": {
    "undefined": "OK:false",
    "null": "OK:false",
    "empty": "OK:false",
    "space": "OK:true",
    "'0'": "OK:true",
    "'1'": "OK:true",
    "'-1'": "OK:true",
    "'30'": "OK:true",
    "'1.5'": "OK:true",
    "'1e3'": "OK:true",
    "'5000'": "OK:true",
    "'99999999999999999'": "OK:true",
    "'Infinity'": "OK:true",
    "'abc'": "OK:true",
    "'true'": "OK:true",
    "'false'": "OK:true",
    "url": "OK:true",
    "hosts": "OK:true",
    "json-object": "OK:true",
    "json-array": "OK:true",
    "number 7": "OK:true",
    "boolean true": "OK:true",
    "array": "OK:true",
    "object": "OK:true"
  },
  "SUBAGENT_MAX_DEPTH": {
    "undefined": "REJECT",
    "null": "OK:0",
    "empty": "OK:0",
    "space": "OK:0",
    "'0'": "OK:0",
    "'1'": "OK:1",
    "'-1'": "REJECT",
    "'30'": "REJECT",
    "'1.5'": "REJECT",
    "'1e3'": "REJECT",
    "'5000'": "REJECT",
    "'99999999999999999'": "REJECT",
    "'Infinity'": "REJECT",
    "'abc'": "REJECT",
    "'true'": "REJECT",
    "'false'": "REJECT",
    "url": "REJECT",
    "hosts": "REJECT",
    "json-object": "REJECT",
    "json-array": "REJECT",
    "number 7": "REJECT",
    "boolean true": "OK:1",
    "array": "REJECT",
    "object": "REJECT"
  },
  "SUBAGENT_TOKEN_BUDGET": {
    "undefined": "REJECT",
    "null": "OK:0",
    "empty": "OK:0",
    "space": "OK:0",
    "'0'": "OK:0",
    "'1'": "OK:1",
    "'-1'": "REJECT",
    "'30'": "OK:30",
    "'1.5'": "REJECT",
    "'1e3'": "OK:1000",
    "'5000'": "OK:5000",
    "'99999999999999999'": "REJECT",
    "'Infinity'": "REJECT",
    "'abc'": "REJECT",
    "'true'": "REJECT",
    "'false'": "REJECT",
    "url": "REJECT",
    "hosts": "REJECT",
    "json-object": "REJECT",
    "json-array": "REJECT",
    "number 7": "OK:7",
    "boolean true": "OK:1",
    "array": "REJECT",
    "object": "REJECT"
  },
  "SUBAGENT_MAX_TURNS": {
    "undefined": "REJECT",
    "null": "REJECT",
    "empty": "REJECT",
    "space": "REJECT",
    "'0'": "REJECT",
    "'1'": "OK:1",
    "'-1'": "REJECT",
    "'30'": "REJECT",
    "'1.5'": "REJECT",
    "'1e3'": "REJECT",
    "'5000'": "REJECT",
    "'99999999999999999'": "REJECT",
    "'Infinity'": "REJECT",
    "'abc'": "REJECT",
    "'true'": "REJECT",
    "'false'": "REJECT",
    "url": "REJECT",
    "hosts": "REJECT",
    "json-object": "REJECT",
    "json-array": "REJECT",
    "number 7": "OK:7",
    "boolean true": "OK:1",
    "array": "REJECT",
    "object": "REJECT"
  },
  "AI_TOOL_APPROVAL_TIMEOUT_MS": {
    "undefined": "REJECT",
    "null": "REJECT",
    "empty": "REJECT",
    "space": "REJECT",
    "'0'": "REJECT",
    "'1'": "OK:1",
    "'-1'": "REJECT",
    "'30'": "OK:30",
    "'1.5'": "REJECT",
    "'1e3'": "REJECT",
    "'5000'": "OK:5000",
    "'99999999999999999'": "REJECT",
    "'Infinity'": "REJECT",
    "'abc'": "REJECT",
    "'true'": "REJECT",
    "'false'": "REJECT",
    "url": "REJECT",
    "hosts": "REJECT",
    "json-object": "REJECT",
    "json-array": "REJECT",
    "number 7": "OK:7",
    "boolean true": "REJECT",
    "array": "REJECT",
    "object": "REJECT"
  },
  "LOCAL_GEMMA_BASE_URL": {
    "undefined": "REJECT",
    "null": "REJECT",
    "empty": "REJECT",
    "space": "REJECT",
    "'0'": "REJECT",
    "'1'": "REJECT",
    "'-1'": "REJECT",
    "'30'": "REJECT",
    "'1.5'": "REJECT",
    "'1e3'": "REJECT",
    "'5000'": "REJECT",
    "'99999999999999999'": "REJECT",
    "'Infinity'": "REJECT",
    "'abc'": "REJECT",
    "'true'": "REJECT",
    "'false'": "REJECT",
    "url": "OK:\"https://example.com/path\"",
    "hosts": "REJECT",
    "json-object": "REJECT",
    "json-array": "REJECT",
    "number 7": "REJECT",
    "boolean true": "REJECT",
    "array": "REJECT",
    "object": "REJECT"
  },
  "LOCAL_GEMMA_MODEL": {
    "undefined": "REJECT",
    "null": "REJECT",
    "empty": "REJECT",
    "space": "OK:\" \"",
    "'0'": "OK:\"0\"",
    "'1'": "OK:\"1\"",
    "'-1'": "OK:\"-1\"",
    "'30'": "OK:\"30\"",
    "'1.5'": "OK:\"1.5\"",
    "'1e3'": "OK:\"1e3\"",
    "'5000'": "OK:\"5000\"",
    "'99999999999999999'": "OK:\"99999999999999999\"",
    "'Infinity'": "OK:\"Infinity\"",
    "'abc'": "OK:\"abc\"",
    "'true'": "OK:\"true\"",
    "'false'": "OK:\"false\"",
    "url": "OK:\"https://example.com/path\"",
    "hosts": "OK:\"a.example.com, b.example.com\"",
    "json-object": "OK:\"{\\\"a\\\":1}\"",
    "json-array": "OK:\"[\\\"x\\\"]\"",
    "number 7": "REJECT",
    "boolean true": "REJECT",
    "array": "REJECT",
    "object": "REJECT"
  },
  "ANALYSIS_MONTHLY_TOKEN_CAP": {
    "undefined": "REJECT",
    "null": "REJECT",
    "empty": "REJECT",
    "space": "REJECT",
    "'0'": "REJECT",
    "'1'": "OK:1",
    "'-1'": "REJECT",
    "'30'": "OK:30",
    "'1.5'": "REJECT",
    "'1e3'": "OK:1000",
    "'5000'": "OK:5000",
    "'99999999999999999'": "REJECT",
    "'Infinity'": "REJECT",
    "'abc'": "REJECT",
    "'true'": "REJECT",
    "'false'": "REJECT",
    "url": "REJECT",
    "hosts": "REJECT",
    "json-object": "REJECT",
    "json-array": "REJECT",
    "number 7": "OK:7",
    "boolean true": "OK:1",
    "array": "REJECT",
    "object": "REJECT"
  },
  "ANALYSIS_AGENT_TOKEN_CAP": {
    "undefined": "REJECT",
    "null": "REJECT",
    "empty": "REJECT",
    "space": "REJECT",
    "'0'": "REJECT",
    "'1'": "OK:1",
    "'-1'": "REJECT",
    "'30'": "OK:30",
    "'1.5'": "REJECT",
    "'1e3'": "OK:1000",
    "'5000'": "OK:5000",
    "'99999999999999999'": "REJECT",
    "'Infinity'": "REJECT",
    "'abc'": "REJECT",
    "'true'": "REJECT",
    "'false'": "REJECT",
    "url": "REJECT",
    "hosts": "REJECT",
    "json-object": "REJECT",
    "json-array": "REJECT",
    "number 7": "OK:7",
    "boolean true": "OK:1",
    "array": "REJECT",
    "object": "REJECT"
  },
  "ONLINE_EVAL_ENABLED": {
    "undefined": "OK:false",
    "null": "OK:false",
    "empty": "OK:false",
    "space": "OK:true",
    "'0'": "OK:true",
    "'1'": "OK:true",
    "'-1'": "OK:true",
    "'30'": "OK:true",
    "'1.5'": "OK:true",
    "'1e3'": "OK:true",
    "'5000'": "OK:true",
    "'99999999999999999'": "OK:true",
    "'Infinity'": "OK:true",
    "'abc'": "OK:true",
    "'true'": "OK:true",
    "'false'": "OK:true",
    "url": "OK:true",
    "hosts": "OK:true",
    "json-object": "OK:true",
    "json-array": "OK:true",
    "number 7": "OK:true",
    "boolean true": "OK:true",
    "array": "OK:true",
    "object": "OK:true"
  },
  "ONLINE_EVAL_SAMPLE_RATE": {
    "undefined": "REJECT",
    "null": "OK:0",
    "empty": "OK:0",
    "space": "OK:0",
    "'0'": "OK:0",
    "'1'": "OK:1",
    "'-1'": "REJECT",
    "'30'": "REJECT",
    "'1.5'": "REJECT",
    "'1e3'": "REJECT",
    "'5000'": "REJECT",
    "'99999999999999999'": "REJECT",
    "'Infinity'": "REJECT",
    "'abc'": "REJECT",
    "'true'": "REJECT",
    "'false'": "REJECT",
    "url": "REJECT",
    "hosts": "REJECT",
    "json-object": "REJECT",
    "json-array": "REJECT",
    "number 7": "REJECT",
    "boolean true": "OK:1",
    "array": "REJECT",
    "object": "REJECT"
  },
  "ONLINE_EVAL_MONTHLY_TOKEN_BUDGET": {
    "undefined": "REJECT",
    "null": "OK:0",
    "empty": "OK:0",
    "space": "OK:0",
    "'0'": "OK:0",
    "'1'": "OK:1",
    "'-1'": "REJECT",
    "'30'": "OK:30",
    "'1.5'": "REJECT",
    "'1e3'": "OK:1000",
    "'5000'": "OK:5000",
    "'99999999999999999'": "REJECT",
    "'Infinity'": "REJECT",
    "'abc'": "REJECT",
    "'true'": "REJECT",
    "'false'": "REJECT",
    "url": "REJECT",
    "hosts": "REJECT",
    "json-object": "REJECT",
    "json-array": "REJECT",
    "number 7": "OK:7",
    "boolean true": "OK:1",
    "array": "REJECT",
    "object": "REJECT"
  },
  "ONLINE_EVAL_TOKENS_PER_SCORE": {
    "undefined": "REJECT",
    "null": "REJECT",
    "empty": "REJECT",
    "space": "REJECT",
    "'0'": "REJECT",
    "'1'": "OK:1",
    "'-1'": "REJECT",
    "'30'": "OK:30",
    "'1.5'": "REJECT",
    "'1e3'": "OK:1000",
    "'5000'": "OK:5000",
    "'99999999999999999'": "REJECT",
    "'Infinity'": "REJECT",
    "'abc'": "REJECT",
    "'true'": "REJECT",
    "'false'": "REJECT",
    "url": "REJECT",
    "hosts": "REJECT",
    "json-object": "REJECT",
    "json-array": "REJECT",
    "number 7": "OK:7",
    "boolean true": "OK:1",
    "array": "REJECT",
    "object": "REJECT"
  },
  "ONLINE_EVAL_WINDOW_SIZE": {
    "undefined": "REJECT",
    "null": "REJECT",
    "empty": "REJECT",
    "space": "REJECT",
    "'0'": "REJECT",
    "'1'": "OK:1",
    "'-1'": "REJECT",
    "'30'": "OK:30",
    "'1.5'": "REJECT",
    "'1e3'": "OK:1000",
    "'5000'": "OK:5000",
    "'99999999999999999'": "REJECT",
    "'Infinity'": "REJECT",
    "'abc'": "REJECT",
    "'true'": "REJECT",
    "'false'": "REJECT",
    "url": "REJECT",
    "hosts": "REJECT",
    "json-object": "REJECT",
    "json-array": "REJECT",
    "number 7": "OK:7",
    "boolean true": "OK:1",
    "array": "REJECT",
    "object": "REJECT"
  },
  "ONLINE_EVAL_DRIFT_THRESHOLD_PCT": {
    "undefined": "REJECT",
    "null": "OK:0",
    "empty": "OK:0",
    "space": "OK:0",
    "'0'": "OK:0",
    "'1'": "OK:1",
    "'-1'": "REJECT",
    "'30'": "REJECT",
    "'1.5'": "REJECT",
    "'1e3'": "REJECT",
    "'5000'": "REJECT",
    "'99999999999999999'": "REJECT",
    "'Infinity'": "REJECT",
    "'abc'": "REJECT",
    "'true'": "REJECT",
    "'false'": "REJECT",
    "url": "REJECT",
    "hosts": "REJECT",
    "json-object": "REJECT",
    "json-array": "REJECT",
    "number 7": "REJECT",
    "boolean true": "OK:1",
    "array": "REJECT",
    "object": "REJECT"
  },
  "ONLINE_EVAL_DRIFT_ALERTS_ENABLED": {
    "undefined": "OK:false",
    "null": "OK:false",
    "empty": "OK:false",
    "space": "OK:true",
    "'0'": "OK:true",
    "'1'": "OK:true",
    "'-1'": "OK:true",
    "'30'": "OK:true",
    "'1.5'": "OK:true",
    "'1e3'": "OK:true",
    "'5000'": "OK:true",
    "'99999999999999999'": "OK:true",
    "'Infinity'": "OK:true",
    "'abc'": "OK:true",
    "'true'": "OK:true",
    "'false'": "OK:true",
    "url": "OK:true",
    "hosts": "OK:true",
    "json-object": "OK:true",
    "json-array": "OK:true",
    "number 7": "OK:true",
    "boolean true": "OK:true",
    "array": "OK:true",
    "object": "OK:true"
  },
  "ONLINE_EVAL_MAX_CHARS": {
    "undefined": "REJECT",
    "null": "REJECT",
    "empty": "REJECT",
    "space": "REJECT",
    "'0'": "REJECT",
    "'1'": "OK:1",
    "'-1'": "REJECT",
    "'30'": "OK:30",
    "'1.5'": "REJECT",
    "'1e3'": "OK:1000",
    "'5000'": "OK:5000",
    "'99999999999999999'": "REJECT",
    "'Infinity'": "REJECT",
    "'abc'": "REJECT",
    "'true'": "REJECT",
    "'false'": "REJECT",
    "url": "REJECT",
    "hosts": "REJECT",
    "json-object": "REJECT",
    "json-array": "REJECT",
    "number 7": "OK:7",
    "boolean true": "OK:1",
    "array": "REJECT",
    "object": "REJECT"
  },
  "ONLINE_EVAL_RESULTS_DIR": {
    "undefined": "REJECT",
    "null": "REJECT",
    "empty": "REJECT",
    "space": "REJECT",
    "'0'": "REJECT",
    "'1'": "REJECT",
    "'-1'": "REJECT",
    "'30'": "REJECT",
    "'1.5'": "REJECT",
    "'1e3'": "REJECT",
    "'5000'": "REJECT",
    "'99999999999999999'": "REJECT",
    "'Infinity'": "REJECT",
    "'abc'": "REJECT",
    "'true'": "REJECT",
    "'false'": "REJECT",
    "url": "REJECT",
    "hosts": "REJECT",
    "json-object": "REJECT",
    "json-array": "REJECT",
    "number 7": "REJECT",
    "boolean true": "REJECT",
    "array": "REJECT",
    "object": "REJECT"
  },
  "PUBLISH_RATE_LIMIT_DELAY_MS": {
    "undefined": "REJECT",
    "null": "OK:0",
    "empty": "OK:0",
    "space": "OK:0",
    "'0'": "OK:0",
    "'1'": "OK:1",
    "'-1'": "REJECT",
    "'30'": "OK:30",
    "'1.5'": "REJECT",
    "'1e3'": "OK:1000",
    "'5000'": "OK:5000",
    "'99999999999999999'": "REJECT",
    "'Infinity'": "REJECT",
    "'abc'": "REJECT",
    "'true'": "REJECT",
    "'false'": "REJECT",
    "url": "REJECT",
    "hosts": "REJECT",
    "json-object": "REJECT",
    "json-array": "REJECT",
    "number 7": "OK:7",
    "boolean true": "OK:1",
    "array": "REJECT",
    "object": "REJECT"
  },
  "PUBLISH_MAX_RETRIES": {
    "undefined": "REJECT",
    "null": "OK:0",
    "empty": "OK:0",
    "space": "OK:0",
    "'0'": "OK:0",
    "'1'": "OK:1",
    "'-1'": "REJECT",
    "'30'": "REJECT",
    "'1.5'": "REJECT",
    "'1e3'": "REJECT",
    "'5000'": "REJECT",
    "'99999999999999999'": "REJECT",
    "'Infinity'": "REJECT",
    "'abc'": "REJECT",
    "'true'": "REJECT",
    "'false'": "REJECT",
    "url": "REJECT",
    "hosts": "REJECT",
    "json-object": "REJECT",
    "json-array": "REJECT",
    "number 7": "OK:7",
    "boolean true": "OK:1",
    "array": "REJECT",
    "object": "REJECT"
  },
  "ADMIN_RATE_LIMIT_MAX": {
    "undefined": "REJECT",
    "null": "REJECT",
    "empty": "REJECT",
    "space": "REJECT",
    "'0'": "REJECT",
    "'1'": "OK:1",
    "'-1'": "REJECT",
    "'30'": "OK:30",
    "'1.5'": "REJECT",
    "'1e3'": "OK:1000",
    "'5000'": "OK:5000",
    "'99999999999999999'": "REJECT",
    "'Infinity'": "REJECT",
    "'abc'": "REJECT",
    "'true'": "REJECT",
    "'false'": "REJECT",
    "url": "REJECT",
    "hosts": "REJECT",
    "json-object": "REJECT",
    "json-array": "REJECT",
    "number 7": "OK:7",
    "boolean true": "OK:1",
    "array": "REJECT",
    "object": "REJECT"
  },
  "ADMIN_RATE_LIMIT_WINDOW_MS": {
    "undefined": "REJECT",
    "null": "REJECT",
    "empty": "REJECT",
    "space": "REJECT",
    "'0'": "REJECT",
    "'1'": "REJECT",
    "'-1'": "REJECT",
    "'30'": "REJECT",
    "'1.5'": "REJECT",
    "'1e3'": "OK:1000",
    "'5000'": "OK:5000",
    "'99999999999999999'": "REJECT",
    "'Infinity'": "REJECT",
    "'abc'": "REJECT",
    "'true'": "REJECT",
    "'false'": "REJECT",
    "url": "REJECT",
    "hosts": "REJECT",
    "json-object": "REJECT",
    "json-array": "REJECT",
    "number 7": "REJECT",
    "boolean true": "REJECT",
    "array": "REJECT",
    "object": "REJECT"
  },
  "MCP_RATE_LIMIT_MAX": {
    "undefined": "REJECT",
    "null": "REJECT",
    "empty": "REJECT",
    "space": "REJECT",
    "'0'": "REJECT",
    "'1'": "OK:1",
    "'-1'": "REJECT",
    "'30'": "OK:30",
    "'1.5'": "REJECT",
    "'1e3'": "OK:1000",
    "'5000'": "OK:5000",
    "'99999999999999999'": "REJECT",
    "'Infinity'": "REJECT",
    "'abc'": "REJECT",
    "'true'": "REJECT",
    "'false'": "REJECT",
    "url": "REJECT",
    "hosts": "REJECT",
    "json-object": "REJECT",
    "json-array": "REJECT",
    "number 7": "OK:7",
    "boolean true": "OK:1",
    "array": "REJECT",
    "object": "REJECT"
  },
  "MCP_RATE_LIMIT_WINDOW_MS": {
    "undefined": "REJECT",
    "null": "REJECT",
    "empty": "REJECT",
    "space": "REJECT",
    "'0'": "REJECT",
    "'1'": "REJECT",
    "'-1'": "REJECT",
    "'30'": "REJECT",
    "'1.5'": "REJECT",
    "'1e3'": "OK:1000",
    "'5000'": "OK:5000",
    "'99999999999999999'": "REJECT",
    "'Infinity'": "REJECT",
    "'abc'": "REJECT",
    "'true'": "REJECT",
    "'false'": "REJECT",
    "url": "REJECT",
    "hosts": "REJECT",
    "json-object": "REJECT",
    "json-array": "REJECT",
    "number 7": "REJECT",
    "boolean true": "REJECT",
    "array": "REJECT",
    "object": "REJECT"
  },
  "SCHEDULER_ENABLED": {
    "undefined": "OK:false",
    "null": "OK:false",
    "empty": "OK:false",
    "space": "OK:true",
    "'0'": "OK:true",
    "'1'": "OK:true",
    "'-1'": "OK:true",
    "'30'": "OK:true",
    "'1.5'": "OK:true",
    "'1e3'": "OK:true",
    "'5000'": "OK:true",
    "'99999999999999999'": "OK:true",
    "'Infinity'": "OK:true",
    "'abc'": "OK:true",
    "'true'": "OK:true",
    "'false'": "OK:true",
    "url": "OK:true",
    "hosts": "OK:true",
    "json-object": "OK:true",
    "json-array": "OK:true",
    "number 7": "OK:true",
    "boolean true": "OK:true",
    "array": "OK:true",
    "object": "OK:true"
  },
  "SCHEDULER_TICK_INTERVAL_MS": {
    "undefined": "REJECT",
    "null": "REJECT",
    "empty": "REJECT",
    "space": "REJECT",
    "'0'": "REJECT",
    "'1'": "OK:1",
    "'-1'": "REJECT",
    "'30'": "OK:30",
    "'1.5'": "REJECT",
    "'1e3'": "OK:1000",
    "'5000'": "OK:5000",
    "'99999999999999999'": "REJECT",
    "'Infinity'": "REJECT",
    "'abc'": "REJECT",
    "'true'": "REJECT",
    "'false'": "REJECT",
    "url": "REJECT",
    "hosts": "REJECT",
    "json-object": "REJECT",
    "json-array": "REJECT",
    "number 7": "OK:7",
    "boolean true": "OK:1",
    "array": "REJECT",
    "object": "REJECT"
  },
  "MCP_HEALTH_ALLOW_PARTIAL": {
    "undefined": "OK:false",
    "null": "OK:false",
    "empty": "OK:false",
    "space": "OK:true",
    "'0'": "OK:true",
    "'1'": "OK:true",
    "'-1'": "OK:true",
    "'30'": "OK:true",
    "'1.5'": "OK:true",
    "'1e3'": "OK:true",
    "'5000'": "OK:true",
    "'99999999999999999'": "OK:true",
    "'Infinity'": "OK:true",
    "'abc'": "OK:true",
    "'true'": "OK:true",
    "'false'": "OK:true",
    "url": "OK:true",
    "hosts": "OK:true",
    "json-object": "OK:true",
    "json-array": "OK:true",
    "number 7": "OK:true",
    "boolean true": "OK:true",
    "array": "OK:true",
    "object": "OK:true"
  },
  "MCP_REQUIRE_CATALOG": {
    "undefined": "OK:false",
    "null": "OK:false",
    "empty": "OK:false",
    "space": "OK:true",
    "'0'": "OK:true",
    "'1'": "OK:true",
    "'-1'": "OK:true",
    "'30'": "OK:true",
    "'1.5'": "OK:true",
    "'1e3'": "OK:true",
    "'5000'": "OK:true",
    "'99999999999999999'": "OK:true",
    "'Infinity'": "OK:true",
    "'abc'": "OK:true",
    "'true'": "OK:true",
    "'false'": "OK:true",
    "url": "OK:true",
    "hosts": "OK:true",
    "json-object": "OK:true",
    "json-array": "OK:true",
    "number 7": "OK:true",
    "boolean true": "OK:true",
    "array": "OK:true",
    "object": "OK:true"
  },
  "MCP_REQUIRE_VAULT_ENV": {
    "undefined": "OK:false",
    "null": "OK:false",
    "empty": "OK:false",
    "space": "OK:true",
    "'0'": "OK:true",
    "'1'": "OK:true",
    "'-1'": "OK:true",
    "'30'": "OK:true",
    "'1.5'": "OK:true",
    "'1e3'": "OK:true",
    "'5000'": "OK:true",
    "'99999999999999999'": "OK:true",
    "'Infinity'": "OK:true",
    "'abc'": "OK:true",
    "'true'": "OK:true",
    "'false'": "OK:true",
    "url": "OK:true",
    "hosts": "OK:true",
    "json-object": "OK:true",
    "json-array": "OK:true",
    "number 7": "OK:true",
    "boolean true": "OK:true",
    "array": "OK:true",
    "object": "OK:true"
  },
  "MCP_IMAGE_ALLOWLIST": {
    "undefined": "REJECT",
    "null": "REJECT",
    "empty": "OK:[]",
    "space": "OK:[]",
    "'0'": "OK:[\"0\"]",
    "'1'": "OK:[\"1\"]",
    "'-1'": "OK:[\"-1\"]",
    "'30'": "OK:[\"30\"]",
    "'1.5'": "OK:[\"1.5\"]",
    "'1e3'": "OK:[\"1e3\"]",
    "'5000'": "OK:[\"5000\"]",
    "'99999999999999999'": "OK:[\"99999999999999999\"]",
    "'Infinity'": "OK:[\"Infinity\"]",
    "'abc'": "OK:[\"abc\"]",
    "'true'": "OK:[\"true\"]",
    "'false'": "OK:[\"false\"]",
    "url": "OK:[\"https://example.com/path\"]",
    "hosts": "OK:[\"a.example.com\",\"b.example.com\"]",
    "json-object": "OK:[\"{\\\"a\\\":1}\"]",
    "json-array": "OK:[\"[\\\"x\\\"]\"]",
    "number 7": "REJECT",
    "boolean true": "REJECT",
    "array": "OK:[\"x\"]",
    "object": "REJECT"
  },
  "MCP_ALLOW_USER_SCOPE": {
    "undefined": "OK:false",
    "null": "OK:false",
    "empty": "OK:false",
    "space": "OK:true",
    "'0'": "OK:true",
    "'1'": "OK:true",
    "'-1'": "OK:true",
    "'30'": "OK:true",
    "'1.5'": "OK:true",
    "'1e3'": "OK:true",
    "'5000'": "OK:true",
    "'99999999999999999'": "OK:true",
    "'Infinity'": "OK:true",
    "'abc'": "OK:true",
    "'true'": "OK:true",
    "'false'": "OK:true",
    "url": "OK:true",
    "hosts": "OK:true",
    "json-object": "OK:true",
    "json-array": "OK:true",
    "number 7": "OK:true",
    "boolean true": "OK:true",
    "array": "OK:true",
    "object": "OK:true"
  },
  "MCP_USER_MAX_CONCURRENT": {
    "undefined": "REJECT",
    "null": "OK:0",
    "empty": "OK:0",
    "space": "OK:0",
    "'0'": "OK:0",
    "'1'": "OK:1",
    "'-1'": "REJECT",
    "'30'": "OK:30",
    "'1.5'": "REJECT",
    "'1e3'": "REJECT",
    "'5000'": "REJECT",
    "'99999999999999999'": "REJECT",
    "'Infinity'": "REJECT",
    "'abc'": "REJECT",
    "'true'": "REJECT",
    "'false'": "REJECT",
    "url": "REJECT",
    "hosts": "REJECT",
    "json-object": "REJECT",
    "json-array": "REJECT",
    "number 7": "OK:7",
    "boolean true": "OK:1",
    "array": "REJECT",
    "object": "REJECT"
  },
  "MCP_USER_IDLE_TIMEOUT_MIN": {
    "undefined": "REJECT",
    "null": "REJECT",
    "empty": "REJECT",
    "space": "REJECT",
    "'0'": "REJECT",
    "'1'": "OK:1",
    "'-1'": "REJECT",
    "'30'": "OK:30",
    "'1.5'": "REJECT",
    "'1e3'": "OK:1000",
    "'5000'": "REJECT",
    "'99999999999999999'": "REJECT",
    "'Infinity'": "REJECT",
    "'abc'": "REJECT",
    "'true'": "REJECT",
    "'false'": "REJECT",
    "url": "REJECT",
    "hosts": "REJECT",
    "json-object": "REJECT",
    "json-array": "REJECT",
    "number 7": "OK:7",
    "boolean true": "OK:1",
    "array": "REJECT",
    "object": "REJECT"
  },
  "MCP_DOCKER_MEMORY_LIMIT": {
    "undefined": "REJECT",
    "null": "REJECT",
    "empty": "REJECT",
    "space": "REJECT",
    "'0'": "REJECT",
    "'1'": "REJECT",
    "'-1'": "REJECT",
    "'30'": "OK:\"30\"",
    "'1.5'": "OK:\"1.5\"",
    "'1e3'": "REJECT",
    "'5000'": "OK:\"5000\"",
    "'99999999999999999'": "OK:\"99999999999999999\"",
    "'Infinity'": "REJECT",
    "'abc'": "REJECT",
    "'true'": "REJECT",
    "'false'": "REJECT",
    "url": "REJECT",
    "hosts": "REJECT",
    "json-object": "REJECT",
    "json-array": "REJECT",
    "number 7": "REJECT",
    "boolean true": "REJECT",
    "array": "REJECT",
    "object": "REJECT"
  },
  "MCP_DOCKER_CPU_LIMIT": {
    "undefined": "REJECT",
    "null": "REJECT",
    "empty": "REJECT",
    "space": "REJECT",
    "'0'": "OK:\"0\"",
    "'1'": "OK:\"1\"",
    "'-1'": "REJECT",
    "'30'": "OK:\"30\"",
    "'1.5'": "OK:\"1.5\"",
    "'1e3'": "REJECT",
    "'5000'": "OK:\"5000\"",
    "'99999999999999999'": "REJECT",
    "'Infinity'": "REJECT",
    "'abc'": "REJECT",
    "'true'": "REJECT",
    "'false'": "REJECT",
    "url": "REJECT",
    "hosts": "REJECT",
    "json-object": "REJECT",
    "json-array": "REJECT",
    "number 7": "REJECT",
    "boolean true": "REJECT",
    "array": "REJECT",
    "object": "REJECT"
  },
  "MCP_DOCKER_START_TIMEOUT_MS": {
    "undefined": "REJECT",
    "null": "REJECT",
    "empty": "REJECT",
    "space": "REJECT",
    "'0'": "REJECT",
    "'1'": "REJECT",
    "'-1'": "REJECT",
    "'30'": "REJECT",
    "'1.5'": "REJECT",
    "'1e3'": "REJECT",
    "'5000'": "OK:5000",
    "'99999999999999999'": "REJECT",
    "'Infinity'": "REJECT",
    "'abc'": "REJECT",
    "'true'": "REJECT",
    "'false'": "REJECT",
    "url": "REJECT",
    "hosts": "REJECT",
    "json-object": "REJECT",
    "json-array": "REJECT",
    "number 7": "REJECT",
    "boolean true": "REJECT",
    "array": "REJECT",
    "object": "REJECT"
  },
  "MCP_DOCKER_NETWORK": {
    "undefined": "REJECT",
    "null": "REJECT",
    "empty": "REJECT",
    "space": "REJECT",
    "'0'": "OK:\"0\"",
    "'1'": "OK:\"1\"",
    "'-1'": "OK:\"-1\"",
    "'30'": "OK:\"30\"",
    "'1.5'": "REJECT",
    "'1e3'": "OK:\"1e3\"",
    "'5000'": "OK:\"5000\"",
    "'99999999999999999'": "OK:\"99999999999999999\"",
    "'Infinity'": "REJECT",
    "'abc'": "OK:\"abc\"",
    "'true'": "OK:\"true\"",
    "'false'": "OK:\"false\"",
    "url": "REJECT",
    "hosts": "REJECT",
    "json-object": "REJECT",
    "json-array": "REJECT",
    "number 7": "REJECT",
    "boolean true": "REJECT",
    "array": "REJECT",
    "object": "REJECT"
  },
  "MCP_K8S_NAMESPACE": {
    "undefined": "REJECT",
    "null": "REJECT",
    "empty": "REJECT",
    "space": "REJECT",
    "'0'": "OK:\"0\"",
    "'1'": "OK:\"1\"",
    "'-1'": "OK:\"-1\"",
    "'30'": "OK:\"30\"",
    "'1.5'": "REJECT",
    "'1e3'": "OK:\"1e3\"",
    "'5000'": "OK:\"5000\"",
    "'99999999999999999'": "OK:\"99999999999999999\"",
    "'Infinity'": "REJECT",
    "'abc'": "OK:\"abc\"",
    "'true'": "OK:\"true\"",
    "'false'": "OK:\"false\"",
    "url": "REJECT",
    "hosts": "REJECT",
    "json-object": "REJECT",
    "json-array": "REJECT",
    "number 7": "REJECT",
    "boolean true": "REJECT",
    "array": "REJECT",
    "object": "REJECT"
  },
  "MCP_K8S_SERVICE_DOMAIN": {
    "undefined": "REJECT",
    "null": "REJECT",
    "empty": "REJECT",
    "space": "REJECT",
    "'0'": "OK:\"0\"",
    "'1'": "OK:\"1\"",
    "'-1'": "OK:\"-1\"",
    "'30'": "OK:\"30\"",
    "'1.5'": "OK:\"1.5\"",
    "'1e3'": "OK:\"1e3\"",
    "'5000'": "OK:\"5000\"",
    "'99999999999999999'": "OK:\"99999999999999999\"",
    "'Infinity'": "REJECT",
    "'abc'": "OK:\"abc\"",
    "'true'": "OK:\"true\"",
    "'false'": "OK:\"false\"",
    "url": "REJECT",
    "hosts": "REJECT",
    "json-object": "REJECT",
    "json-array": "REJECT",
    "number 7": "REJECT",
    "boolean true": "REJECT",
    "array": "REJECT",
    "object": "REJECT"
  },
  "MCP_K8S_PROVISION_TIMEOUT_MS": {
    "undefined": "REJECT",
    "null": "REJECT",
    "empty": "REJECT",
    "space": "REJECT",
    "'0'": "REJECT",
    "'1'": "REJECT",
    "'-1'": "REJECT",
    "'30'": "REJECT",
    "'1.5'": "REJECT",
    "'1e3'": "REJECT",
    "'5000'": "REJECT",
    "'99999999999999999'": "REJECT",
    "'Infinity'": "REJECT",
    "'abc'": "REJECT",
    "'true'": "REJECT",
    "'false'": "REJECT",
    "url": "REJECT",
    "hosts": "REJECT",
    "json-object": "REJECT",
    "json-array": "REJECT",
    "number 7": "REJECT",
    "boolean true": "REJECT",
    "array": "REJECT",
    "object": "REJECT"
  },
  "MCP_K8S_EGRESS_ALLOWLIST": {
    "undefined": "REJECT",
    "null": "REJECT",
    "empty": "OK:[]",
    "space": "OK:[]",
    "'0'": "REJECT",
    "'1'": "REJECT",
    "'-1'": "REJECT",
    "'30'": "REJECT",
    "'1.5'": "REJECT",
    "'1e3'": "REJECT",
    "'5000'": "REJECT",
    "'99999999999999999'": "REJECT",
    "'Infinity'": "REJECT",
    "'abc'": "REJECT",
    "'true'": "REJECT",
    "'false'": "REJECT",
    "url": "REJECT",
    "hosts": "REJECT",
    "json-object": "REJECT",
    "json-array": "REJECT",
    "number 7": "REJECT",
    "boolean true": "REJECT",
    "array": "REJECT",
    "object": "REJECT"
  },
  "MCP_K8S_MEMORY_LIMIT": {
    "undefined": "REJECT",
    "null": "REJECT",
    "empty": "REJECT",
    "space": "REJECT",
    "'0'": "REJECT",
    "'1'": "REJECT",
    "'-1'": "REJECT",
    "'30'": "REJECT",
    "'1.5'": "REJECT",
    "'1e3'": "REJECT",
    "'5000'": "REJECT",
    "'99999999999999999'": "REJECT",
    "'Infinity'": "REJECT",
    "'abc'": "REJECT",
    "'true'": "REJECT",
    "'false'": "REJECT",
    "url": "REJECT",
    "hosts": "REJECT",
    "json-object": "REJECT",
    "json-array": "REJECT",
    "number 7": "REJECT",
    "boolean true": "REJECT",
    "array": "REJECT",
    "object": "REJECT"
  },
  "MCP_K8S_MEMORY_REQUEST": {
    "undefined": "REJECT",
    "null": "REJECT",
    "empty": "REJECT",
    "space": "REJECT",
    "'0'": "REJECT",
    "'1'": "REJECT",
    "'-1'": "REJECT",
    "'30'": "REJECT",
    "'1.5'": "REJECT",
    "'1e3'": "REJECT",
    "'5000'": "REJECT",
    "'99999999999999999'": "REJECT",
    "'Infinity'": "REJECT",
    "'abc'": "REJECT",
    "'true'": "REJECT",
    "'false'": "REJECT",
    "url": "REJECT",
    "hosts": "REJECT",
    "json-object": "REJECT",
    "json-array": "REJECT",
    "number 7": "REJECT",
    "boolean true": "REJECT",
    "array": "REJECT",
    "object": "REJECT"
  },
  "MCP_K8S_CPU_LIMIT": {
    "undefined": "REJECT",
    "null": "REJECT",
    "empty": "REJECT",
    "space": "REJECT",
    "'0'": "OK:\"0\"",
    "'1'": "OK:\"1\"",
    "'-1'": "REJECT",
    "'30'": "REJECT",
    "'1.5'": "REJECT",
    "'1e3'": "REJECT",
    "'5000'": "REJECT",
    "'99999999999999999'": "REJECT",
    "'Infinity'": "REJECT",
    "'abc'": "REJECT",
    "'true'": "REJECT",
    "'false'": "REJECT",
    "url": "REJECT",
    "hosts": "REJECT",
    "json-object": "REJECT",
    "json-array": "REJECT",
    "number 7": "REJECT",
    "boolean true": "REJECT",
    "array": "REJECT",
    "object": "REJECT"
  },
  "MCP_K8S_CPU_REQUEST": {
    "undefined": "REJECT",
    "null": "REJECT",
    "empty": "REJECT",
    "space": "REJECT",
    "'0'": "OK:\"0\"",
    "'1'": "OK:\"1\"",
    "'-1'": "REJECT",
    "'30'": "OK:\"30\"",
    "'1.5'": "REJECT",
    "'1e3'": "REJECT",
    "'5000'": "OK:\"5000\"",
    "'99999999999999999'": "REJECT",
    "'Infinity'": "REJECT",
    "'abc'": "REJECT",
    "'true'": "REJECT",
    "'false'": "REJECT",
    "url": "REJECT",
    "hosts": "REJECT",
    "json-object": "REJECT",
    "json-array": "REJECT",
    "number 7": "REJECT",
    "boolean true": "REJECT",
    "array": "REJECT",
    "object": "REJECT"
  },
  "MCP_K8S_IRSA_ROLE_ARN_PREFIX": {
    "undefined": "REJECT",
    "null": "REJECT",
    "empty": "OK:\"\"",
    "space": "REJECT",
    "'0'": "REJECT",
    "'1'": "REJECT",
    "'-1'": "REJECT",
    "'30'": "REJECT",
    "'1.5'": "REJECT",
    "'1e3'": "REJECT",
    "'5000'": "REJECT",
    "'99999999999999999'": "REJECT",
    "'Infinity'": "REJECT",
    "'abc'": "REJECT",
    "'true'": "REJECT",
    "'false'": "REJECT",
    "url": "REJECT",
    "hosts": "REJECT",
    "json-object": "REJECT",
    "json-array": "REJECT",
    "number 7": "REJECT",
    "boolean true": "REJECT",
    "array": "REJECT",
    "object": "REJECT"
  },
  "MCP_K8S_LOG_LINES_PER_SEC": {
    "undefined": "REJECT",
    "null": "REJECT",
    "empty": "REJECT",
    "space": "REJECT",
    "'0'": "REJECT",
    "'1'": "OK:1",
    "'-1'": "REJECT",
    "'30'": "OK:30",
    "'1.5'": "REJECT",
    "'1e3'": "OK:1000",
    "'5000'": "REJECT",
    "'99999999999999999'": "REJECT",
    "'Infinity'": "REJECT",
    "'abc'": "REJECT",
    "'true'": "REJECT",
    "'false'": "REJECT",
    "url": "REJECT",
    "hosts": "REJECT",
    "json-object": "REJECT",
    "json-array": "REJECT",
    "number 7": "OK:7",
    "boolean true": "OK:1",
    "array": "REJECT",
    "object": "REJECT"
  },
  "MCP_K8S_LOG_BURST": {
    "undefined": "REJECT",
    "null": "REJECT",
    "empty": "REJECT",
    "space": "REJECT",
    "'0'": "REJECT",
    "'1'": "REJECT",
    "'-1'": "REJECT",
    "'30'": "OK:30",
    "'1.5'": "REJECT",
    "'1e3'": "OK:1000",
    "'5000'": "OK:5000",
    "'99999999999999999'": "REJECT",
    "'Infinity'": "REJECT",
    "'abc'": "REJECT",
    "'true'": "REJECT",
    "'false'": "REJECT",
    "url": "REJECT",
    "hosts": "REJECT",
    "json-object": "REJECT",
    "json-array": "REJECT",
    "number 7": "REJECT",
    "boolean true": "REJECT",
    "array": "REJECT",
    "object": "REJECT"
  },
  "MCP_COLD_START_IDLE_MIN": {
    "undefined": "REJECT",
    "null": "REJECT",
    "empty": "REJECT",
    "space": "REJECT",
    "'0'": "REJECT",
    "'1'": "OK:1",
    "'-1'": "REJECT",
    "'30'": "OK:30",
    "'1.5'": "REJECT",
    "'1e3'": "REJECT",
    "'5000'": "REJECT",
    "'99999999999999999'": "REJECT",
    "'Infinity'": "REJECT",
    "'abc'": "REJECT",
    "'true'": "REJECT",
    "'false'": "REJECT",
    "url": "REJECT",
    "hosts": "REJECT",
    "json-object": "REJECT",
    "json-array": "REJECT",
    "number 7": "OK:7",
    "boolean true": "OK:1",
    "array": "REJECT",
    "object": "REJECT"
  },
  "DB_ALLOWED_HOSTS": {
    "undefined": "REJECT",
    "null": "REJECT",
    "empty": "OK:[]",
    "space": "OK:[]",
    "'0'": "OK:[\"0\"]",
    "'1'": "OK:[\"1\"]",
    "'-1'": "REJECT",
    "'30'": "OK:[\"30\"]",
    "'1.5'": "OK:[\"1.5\"]",
    "'1e3'": "OK:[\"1e3\"]",
    "'5000'": "OK:[\"5000\"]",
    "'99999999999999999'": "OK:[\"99999999999999999\"]",
    "'Infinity'": "OK:[\"Infinity\"]",
    "'abc'": "OK:[\"abc\"]",
    "'true'": "OK:[\"true\"]",
    "'false'": "OK:[\"false\"]",
    "url": "REJECT",
    "hosts": "OK:[\"a.example.com\",\"b.example.com\"]",
    "json-object": "REJECT",
    "json-array": "REJECT",
    "number 7": "REJECT",
    "boolean true": "REJECT",
    "array": "OK:[\"x\"]",
    "object": "REJECT"
  },
  "REPO_ALLOWED_HOSTS": {
    "undefined": "REJECT",
    "null": "REJECT",
    "empty": "OK:[]",
    "space": "OK:[]",
    "'0'": "OK:[\"0\"]",
    "'1'": "OK:[\"1\"]",
    "'-1'": "REJECT",
    "'30'": "OK:[\"30\"]",
    "'1.5'": "OK:[\"1.5\"]",
    "'1e3'": "OK:[\"1e3\"]",
    "'5000'": "OK:[\"5000\"]",
    "'99999999999999999'": "OK:[\"99999999999999999\"]",
    "'Infinity'": "OK:[\"Infinity\"]",
    "'abc'": "OK:[\"abc\"]",
    "'true'": "OK:[\"true\"]",
    "'false'": "OK:[\"false\"]",
    "url": "REJECT",
    "hosts": "OK:[\"a.example.com\",\"b.example.com\"]",
    "json-object": "REJECT",
    "json-array": "REJECT",
    "number 7": "REJECT",
    "boolean true": "REJECT",
    "array": "OK:[\"x\"]",
    "object": "REJECT"
  },
  "PUBLISH_GITHUB_ALLOWED_HOSTS": {
    "undefined": "REJECT",
    "null": "REJECT",
    "empty": "OK:[]",
    "space": "OK:[]",
    "'0'": "OK:[\"0\"]",
    "'1'": "OK:[\"1\"]",
    "'-1'": "REJECT",
    "'30'": "OK:[\"30\"]",
    "'1.5'": "OK:[\"1.5\"]",
    "'1e3'": "OK:[\"1e3\"]",
    "'5000'": "OK:[\"5000\"]",
    "'99999999999999999'": "OK:[\"99999999999999999\"]",
    "'Infinity'": "OK:[\"Infinity\"]",
    "'abc'": "OK:[\"abc\"]",
    "'true'": "OK:[\"true\"]",
    "'false'": "OK:[\"false\"]",
    "url": "REJECT",
    "hosts": "OK:[\"a.example.com\",\"b.example.com\"]",
    "json-object": "REJECT",
    "json-array": "REJECT",
    "number 7": "REJECT",
    "boolean true": "REJECT",
    "array": "OK:[\"x\"]",
    "object": "REJECT"
  }
}
